BL51 BANKED LINKER/LOCATER V6.22.2.0                                                    09/11/2025  18:31:43  PAGE 1


BL51 BANKED LINKER/LOCATER V6.22.2.0, INVOKED BY:
D:\KEIL_V5\C51\BIN\BL51.EXE .\Objects\main.obj TO .\Objects\test PRINT (.\Listings\test.m51) RAMSIZE (256)


MEMORY MODEL: SMALL


INPUT MODULES INCLUDED:
  .\Objects\main.obj (MAIN)
  D:\KEIL_V5\C51\LIB\C51S.LIB (?C_STARTUP)
  D:\KEIL_V5\C51\LIB\C51S.LIB (?C_INIT)


LINK MAP OF MODULE:  .\Objects\test (MAIN)


            TYPE    BASE      LENGTH    RELOCATION   SEGMENT NAME
            -----------------------------------------------------

            * * * * * * *   D A T A   M E M O R Y   * * * * * * *
            REG     0000H     0008H     ABSOLUTE     "REG BANK 0"
            DATA    0008H     000AH     UNIT         ?DT?MAIN
            IDATA   0012H     0001H     UNIT         ?STACK

            * * * * * * *   C O D E   M E M O R Y   * * * * * * *
            CODE    0000H     0003H     ABSOLUTE     
            CODE    0003H     008CH     UNIT         ?C_C51STARTUP
            CODE    008FH     0063H     UNIT         ?PR?_NIXIE?MAIN
            CODE    00F2H     000DH     UNIT         ?C_INITSEG
            CODE    00FFH     000BH     UNIT         ?PR?MAIN?MAIN



OVERLAY MAP OF MODULE:   .\Objects\test (MAIN)


SEGMENT
  +--> CALLED SEGMENT
---------------------
?C_C51STARTUP
  +--> ?PR?MAIN?MAIN
  +--> ?C_INITSEG

?PR?MAIN?MAIN
  +--> ?PR?_NIXIE?MAIN



SYMBOL TABLE OF MODULE:  .\Objects\test (MAIN)

  VALUE           TYPE          NAME
  ----------------------------------

  -------         MODULE        MAIN
  C:0000H         SYMBOL        _ICE_DUMMY_
  C:008FH         PUBLIC        _Nixie
  D:0080H         PUBLIC        P0
  D:0008H         PUBLIC        Seg_Dei
BL51 BANKED LINKER/LOCATER V6.22.2.0                                                  09/11/2025  18:31:43  PAGE 2


  B:00A0H.2       PUBLIC        P2_2
  B:00A0H.3       PUBLIC        P2_3
  B:00A0H.4       PUBLIC        P2_4
  C:00FFH         PUBLIC        main
  -------         PROC          _NIXIE
  D:0007H         SYMBOL        wei
  D:0004H         SYMBOL        dei
  C:008FH         LINE#         5
  C:008FH         LINE#         6
  C:008FH         LINE#         7
  C:00BCH         LINE#         8
  C:00BCH         LINE#         9
  C:00BCH         LINE#         10
  C:00BEH         LINE#         11
  C:00BEH         LINE#         12
  C:00BEH         LINE#         13
  C:00C0H         LINE#         14
  C:00C0H         LINE#         15
  C:00C2H         LINE#         16
  C:00C2H         LINE#         17
  C:00C2H         LINE#         18
  C:00C4H         LINE#         19
  C:00C4H         LINE#         20
  C:00C6H         LINE#         21
  C:00C6H         LINE#         22
  C:00C6H         LINE#         23
  C:00C8H         LINE#         24
  C:00C8H         LINE#         25
  C:00CAH         LINE#         26
  C:00CAH         LINE#         27
  C:00CAH         LINE#         28
  C:00CCH         LINE#         29
  C:00CCH         LINE#         30
  C:00CEH         LINE#         31
  C:00D0H         LINE#         32
  C:00D2H         LINE#         33
  C:00D4H         LINE#         34
  C:00D4H         LINE#         35
  C:00D6H         LINE#         36
  C:00D8H         LINE#         37
  C:00DAH         LINE#         38
  C:00DCH         LINE#         39
  C:00DCH         LINE#         40
  C:00DEH         LINE#         41
  C:00E0H         LINE#         42
  C:00E2H         LINE#         43
  C:00E4H         LINE#         44
  C:00E4H         LINE#         45
  C:00E6H         LINE#         46
  C:00E8H         LINE#         47
  C:00EAH         LINE#         48
  C:00EAH         LINE#         49
  C:00EAH         LINE#         50
  C:00F1H         LINE#         51
  -------         ENDPROC       _NIXIE
  -------         PROC          MAIN
  C:00FFH         LINE#         53
BL51 BANKED LINKER/LOCATER V6.22.2.0                                                  09/11/2025  18:31:43  PAGE 3


  C:00FFH         LINE#         54
  C:00FFH         LINE#         55
  C:0108H         LINE#         56
  C:0108H         LINE#         57
  C:0108H         LINE#         59
  -------         ENDPROC       MAIN
  -------         ENDMOD        MAIN

Program Size: data=19.0 xdata=0 code=266
LINK/LOCATE RUN COMPLETE.  0 WARNING(S),  0 ERROR(S)
