C51 COMPILER V9.57.0.0   MAIN                                                              09/12/2025 10:09:07 PAGE 1   


C51 COMPILER V9.57.0.0, COMPILATION OF MODULE MAIN
OBJECT MODULE PLACED IN .\Objects\main.obj
COMPILER INVOKED BY: D:\Keil_v5\C51\BIN\C51.EXE main.c OPTIMIZE(8,SPEED) BROWSE DEBUG OBJECTEXTEND PRINT(.\Listings\main
                    -.lst) OBJECT(.\Objects\main.obj)

line level    source

   1          #include <REGX52.H>
   2          #include "LCD1602.h"
   3          #include "Delay.h"
   4          #include "Key.h"
   5          
   6          unsigned char Key_Num;
   7          unsigned int Password;
   8          unsigned char Count;
   9          
  10          int main()
  11          {
  12   1              LCD_Init();
  13   1              LCD_ShowString(1,1,"Password:");
  14   1              while(1)
  15   1              {
  16   2                      Key_Num = Key_Read();
  17   2                      if(Key_Num)
  18   2                      {
  19   3                              if(Key_Num<=10)
  20   3                              {
  21   4                                      if(Count<4)
  22   4                                      {
  23   5                                              Password *= 10;
  24   5                                              Password += Key_Num%10;
  25   5                                              Count++;
  26   5                                      }       
  27   4                                      LCD_ShowNum(2,1,Password,4);
  28   4                              }
  29   3                              if(Key_Num == 11)
  30   3                              {
  31   4                                      if(Password == 1617)
  32   4                                      {
  33   5                                              LCD_ShowString(1,14,"OK ");
  34   5                                              Password = 0;
  35   5                                              Count = 0;
  36   5                                              LCD_ShowNum(2,1,Password,4);
  37   5                                      }       
  38   4                                      else
  39   4                                      {
  40   5                                              LCD_ShowString(1,14,"ERR");
  41   5                                              Password = 0;
  42   5                                              Count = 0;
  43   5                                              LCD_ShowNum(2,1,Password,4);
  44   5                                      }       
  45   4                              }
  46   3                      }
  47   2              }
  48   1      }


MODULE INFORMATION:   STATIC OVERLAYABLE
   CODE SIZE        =    173    ----
   CONSTANT SIZE    =     18    ----
   XDATA SIZE       =   ----    ----
C51 COMPILER V9.57.0.0   MAIN                                                              09/12/2025 10:09:07 PAGE 2   

   PDATA SIZE       =   ----    ----
   DATA SIZE        =      4    ----
   IDATA SIZE       =   ----    ----
   BIT SIZE         =   ----    ----
END OF MODULE INFORMATION.


C51 COMPILATION COMPLETE.  0 WARNING(S),  0 ERROR(S)
