BL51 BANKED LINKER/LOCATER V6.22.2.0                                                    09/12/2025  10:09:07  PAGE 1


BL51 BANKED LINKER/LOCATER V6.22.2.0, INVOKED BY:
D:\KEIL_V5\C51\BIN\BL51.EXE .\Objects\STARTUP.obj, .\Objects\main.obj, .\Objects\LCD1602.obj, .\Objects\Delay.obj, .\Obj
>> ects\Key.obj TO .\Objects\test PRINT (.\Listings\test.m51) RAMSIZE (256)


MEMORY MODEL: SMALL


INPUT MODULES INCLUDED:
  .\Objects\STARTUP.obj (?C_STARTUP)
  .\Objects\main.obj (MAIN)
  .\Objects\LCD1602.obj (LCD1602)
  .\Objects\Delay.obj (DELAY)
  .\Objects\Key.obj (KEY)
  D:\KEIL_V5\C51\LIB\C51S.LIB (?C?CLDOPTR)
  D:\KEIL_V5\C51\LIB\C51S.LIB (?C?IMUL)
  D:\KEIL_V5\C51\LIB\C51S.LIB (?C?UIDIV)


LINK MAP OF MODULE:  .\Objects\test (?C_STARTUP)


            TYPE    BASE      LENGTH    RELOCATION   SEGMENT NAME
            -----------------------------------------------------

            * * * * * * *   D A T A   M E M O R Y   * * * * * * *
            REG     0000H     0008H     ABSOLUTE     "REG BANK 0"
            DATA    0008H     0009H     UNIT         _DATA_GROUP_
            DATA    0011H     0007H     UNIT         ?DT?_LCD_SHOWSIGNEDNUM?LCD1602
            DATA    0018H     0005H     UNIT         ?DT?_LCD_SHOWHEXNUM?LCD1602
            DATA    001DH     0005H     UNIT         ?DT?_LCD_SHOWBINNUM?LCD1602
            DATA    0022H     0004H     UNIT         ?DT?MAIN
            IDATA   0026H     0001H     UNIT         ?STACK

            * * * * * * *   C O D E   M E M O R Y   * * * * * * *
            CODE    0000H     0003H     ABSOLUTE     
            CODE    0003H     0189H     UNIT         ?PR?KEY_READ?KEY
            CODE    018CH     00ADH     UNIT         ?PR?MAIN?MAIN
            CODE    0239H     0094H     UNIT         ?C?LIB_CODE
            CODE    02CDH     003AH     UNIT         ?PR?_LCD_SHOWSIGNEDNUM?LCD1602
            CODE    0307H     0039H     UNIT         ?PR?_LCD_SHOWHEXNUM?LCD1602
            CODE    0340H     0038H     UNIT         ?PR?_LCD_SHOWBINNUM?LCD1602
            CODE    0378H     0033H     UNIT         ?PR?_LCD_POW?LCD1602
            CODE    03ABH     0023H     UNIT         ?PR?_LCD_SHOWSTRING?LCD1602
            CODE    03CEH     001EH     UNIT         ?PR?_LCD_WRITEDATA?LCD1602
            CODE    03ECH     001DH     UNIT         ?PR?_LCD_SHOWNUM?LCD1602
            CODE    0409H     0016H     UNIT         ?PR?_LCD_SETCURSOR?LCD1602
            CODE    041FH     0015H     UNIT         ?PR?_DELAY?DELAY
            CODE    0434H     0014H     UNIT         ?PR?LCD_INIT?LCD1602
            CODE    0448H     0012H     UNIT         ?CO?MAIN
            CODE    045AH     000FH     UNIT         ?PR?LCD_DELAY?LCD1602
            CODE    0469H     000CH     UNIT         ?C_C51STARTUP
            CODE    0475H     000AH     UNIT         ?PR?_LCD_WRITECOMMAND?LCD1602
            CODE    047FH     000AH     UNIT         ?PR?_LCD_SHOWCHAR?LCD1602



OVERLAY MAP OF MODULE:   .\Objects\test (?C_STARTUP)
BL51 BANKED LINKER/LOCATER V6.22.2.0                                                  09/12/2025  10:09:07  PAGE 2




SEGMENT                                  DATA_GROUP 
  +--> CALLED SEGMENT                  START    LENGTH
------------------------------------------------------
?C_C51STARTUP                          -----    -----
  +--> ?PR?MAIN?MAIN

?PR?MAIN?MAIN                          -----    -----
  +--> ?PR?LCD_INIT?LCD1602
  +--> ?CO?MAIN
  +--> ?PR?_LCD_SHOWSTRING?LCD1602
  +--> ?PR?KEY_READ?KEY
  +--> ?PR?_LCD_SHOWNUM?LCD1602

?PR?LCD_INIT?LCD1602                   -----    -----
  +--> ?PR?_LCD_WRITECOMMAND?LCD1602

?PR?_LCD_WRITECOMMAND?LCD1602          -----    -----
  +--> ?PR?LCD_DELAY?LCD1602

?PR?_LCD_SHOWSTRING?LCD1602            0008H    0003H
  +--> ?PR?_LCD_SETCURSOR?LCD1602
  +--> ?PR?_LCD_WRITEDATA?LCD1602

?PR?_LCD_SETCURSOR?LCD1602             -----    -----
  +--> ?PR?_LCD_WRITECOMMAND?LCD1602

?PR?_LCD_WRITEDATA?LCD1602             -----    -----
  +--> ?PR?LCD_DELAY?LCD1602

?PR?KEY_READ?KEY                       0008H    0001H
  +--> ?PR?_DELAY?DELAY

?PR?_LCD_SHOWNUM?LCD1602               0008H    0005H
  +--> ?PR?_LCD_SETCURSOR?LCD1602
  +--> ?PR?_LCD_POW?LCD1602
  +--> ?PR?_LCD_WRITEDATA?LCD1602

?PR?_LCD_POW?LCD1602                   000DH    0004H



SYMBOL TABLE OF MODULE:  .\Objects\test (?C_STARTUP)

  VALUE           TYPE          NAME
  ----------------------------------

  -------         MODULE        ?C_STARTUP
  C:0469H         SEGMENT       ?C_C51STARTUP
  I:0026H         SEGMENT       ?STACK
  C:0000H         PUBLIC        ?C_STARTUP
  D:00E0H         SYMBOL        ACC
  D:00F0H         SYMBOL        B
  D:0083H         SYMBOL        DPH
  D:0082H         SYMBOL        DPL
  N:0000H         SYMBOL        IBPSTACK
BL51 BANKED LINKER/LOCATER V6.22.2.0                                                  09/12/2025  10:09:07  PAGE 3


  N:0100H         SYMBOL        IBPSTACKTOP
  N:0080H         SYMBOL        IDATALEN
  C:046CH         SYMBOL        IDATALOOP
  N:0000H         SYMBOL        PBPSTACK
  N:0100H         SYMBOL        PBPSTACKTOP
  N:0000H         SYMBOL        PDATALEN
  N:0000H         SYMBOL        PDATASTART
  N:0000H         SYMBOL        PPAGE
  N:0000H         SYMBOL        PPAGEENABLE
  D:00A0H         SYMBOL        PPAGE_SFR
  D:0081H         SYMBOL        SP
  C:0469H         SYMBOL        STARTUP1
  N:0000H         SYMBOL        XBPSTACK
  N:0000H         SYMBOL        XBPSTACKTOP
  N:0000H         SYMBOL        XDATALEN
  N:0000H         SYMBOL        XDATASTART
  C:0000H         LINE#         126
  C:0469H         LINE#         133
  C:046BH         LINE#         134
  C:046CH         LINE#         135
  C:046DH         LINE#         136
  C:046FH         LINE#         185
  C:0472H         LINE#         196
  -------         ENDMOD        ?C_STARTUP

  -------         MODULE        MAIN
  C:0000H         SYMBOL        _ICE_DUMMY_
  D:0022H         PUBLIC        Count
  C:018CH         PUBLIC        main
  D:0023H         PUBLIC        Key_Num
  D:0024H         PUBLIC        Password
  -------         PROC          MAIN
  C:018CH         LINE#         10
  C:018CH         LINE#         11
  C:018CH         LINE#         12
  C:018FH         LINE#         13
  C:019CH         LINE#         14
  C:019CH         LINE#         15
  C:019CH         LINE#         16
  C:01A1H         LINE#         17
  C:01A5H         LINE#         18
  C:01A5H         LINE#         19
  C:01AAH         LINE#         20
  C:01AAH         LINE#         21
  C:01B1H         LINE#         22
  C:01B1H         LINE#         23
  C:01C0H         LINE#         24
  C:01D1H         LINE#         25
  C:01D3H         LINE#         26
  C:01D3H         LINE#         27
  C:01E1H         LINE#         28
  C:01E1H         LINE#         29
  C:01E6H         LINE#         30
  C:01E6H         LINE#         31
  C:01F0H         LINE#         32
  C:01F0H         LINE#         33
  C:01FDH         LINE#         34
BL51 BANKED LINKER/LOCATER V6.22.2.0                                                  09/12/2025  10:09:07  PAGE 4


  C:0202H         LINE#         35
  C:0204H         LINE#         36
  C:0212H         LINE#         37
  C:0214H         LINE#         39
  C:0214H         LINE#         40
  C:0221H         LINE#         41
  C:0226H         LINE#         42
  C:0228H         LINE#         43
  C:0236H         LINE#         44
  C:0236H         LINE#         45
  C:0236H         LINE#         46
  C:0236H         LINE#         47
  -------         ENDPROC       MAIN
  -------         ENDMOD        MAIN

  -------         MODULE        LCD1602
  C:0000H         SYMBOL        _ICE_DUMMY_
  D:0080H         PUBLIC        P0
  D:00A0H         PUBLIC        P2
  C:0475H         PUBLIC        _LCD_WriteCommand
  C:03ECH         PUBLIC        _LCD_ShowNum
  C:0340H         PUBLIC        _LCD_ShowBinNum
  C:0460H         PUBLIC        LCD_Delay
  C:0307H         PUBLIC        _LCD_ShowHexNum
  C:03E2H         PUBLIC        _LCD_WriteData
  B:00A0H.7       PUBLIC        LCD_EN
  C:0434H         PUBLIC        LCD_Init
  C:03ABH         PUBLIC        _LCD_ShowString
  C:047FH         PUBLIC        _LCD_ShowChar
  B:00A0H.6       PUBLIC        LCD_RS
  B:00A0H.5       PUBLIC        LCD_RW
  C:0409H         PUBLIC        _LCD_SetCursor
  C:02CDH         PUBLIC        _LCD_ShowSignedNum
  C:0384H         PUBLIC        _LCD_Pow
  -------         PROC          L?0048
  -------         ENDPROC       L?0048
  -------         PROC          LCD_DELAY
  -------         DO            
  D:0007H         SYMBOL        i
  D:0006H         SYMBOL        j
  -------         ENDDO         
  C:0460H         LINE#         15
  C:0460H         LINE#         16
  C:0460H         LINE#         19
  C:0462H         LINE#         20
  C:0464H         LINE#         22
  C:0464H         LINE#         23
  C:0466H         LINE#         24
  C:0468H         LINE#         25
  -------         ENDPROC       LCD_DELAY
  -------         PROC          _LCD_WRITECOMMAND
  D:0007H         SYMBOL        Command
  C:0475H         LINE#         32
  C:0475H         LINE#         33
  C:0475H         LINE#         34
  C:0477H         LINE#         35
  C:0477H         LINE#         36
BL51 BANKED LINKER/LOCATER V6.22.2.0                                                  09/12/2025  10:09:07  PAGE 5


  C:0477H         LINE#         37
  C:0477H         LINE#         38
  C:047AH         LINE#         39
  C:047CH         LINE#         40
  -------         ENDPROC       _LCD_WRITECOMMAND
  -------         PROC          L?0047
  -------         ENDPROC       L?0047
  -------         PROC          _LCD_WRITEDATA
  D:0007H         SYMBOL        Data
  C:03E2H         LINE#         48
  C:03E2H         LINE#         49
  C:03E2H         LINE#         50
  C:03E4H         LINE#         51
  C:03E4H         LINE#         52
  C:03E4H         LINE#         53
  C:03E4H         LINE#         54
  C:03E7H         LINE#         55
  C:03E9H         LINE#         56
  -------         ENDPROC       _LCD_WRITEDATA
  -------         PROC          _LCD_SETCURSOR
  D:0006H         SYMBOL        Line
  D:0005H         SYMBOL        Column
  C:0409H         LINE#         65
  C:040BH         LINE#         66
  C:040BH         LINE#         67
  C:040EH         LINE#         68
  C:040EH         LINE#         69
  C:0410H         LINE#         70
  C:0412H         LINE#         71
  C:0415H         LINE#         72
  C:0415H         LINE#         73
  C:041EH         LINE#         74
  C:041EH         LINE#         75
  -------         ENDPROC       _LCD_SETCURSOR
  -------         PROC          LCD_INIT
  C:0434H         LINE#         82
  C:0434H         LINE#         83
  C:0434H         LINE#         84
  C:0439H         LINE#         85
  C:043EH         LINE#         86
  C:0443H         LINE#         87
  -------         ENDPROC       LCD_INIT
  -------         PROC          _LCD_SHOWCHAR
  D:0006H         SYMBOL        Line
  D:0005H         SYMBOL        Column
  D:0004H         SYMBOL        Char
  C:047FH         LINE#         97
  C:0481H         LINE#         98
  C:0481H         LINE#         99
  C:0484H         LINE#         100
  -------         ENDPROC       _LCD_SHOWCHAR
  -------         PROC          _LCD_SHOWSTRING
  D:0007H         SYMBOL        Line
  D:0005H         SYMBOL        Column
  D:0008H         SYMBOL        String
  -------         DO            
  D:0005H         SYMBOL        i
BL51 BANKED LINKER/LOCATER V6.22.2.0                                                  09/12/2025  10:09:07  PAGE 6


  -------         ENDDO         
  C:03ABH         LINE#         110
  C:03B1H         LINE#         111
  C:03B1H         LINE#         113
  C:03B4H         LINE#         114
  C:03C7H         LINE#         115
  C:03C7H         LINE#         116
  C:03CAH         LINE#         117
  C:03CDH         LINE#         118
  -------         ENDPROC       _LCD_SHOWSTRING
  C:037AH         SYMBOL        L?0046
  -------         PROC          L?0045
  -------         ENDPROC       L?0045
  C:037AH         SYMBOL        L?0046
  -------         PROC          _LCD_POW
  D:000DH         SYMBOL        X
  D:000FH         SYMBOL        Y
  -------         DO            
  D:0003H         SYMBOL        i
  D:0006H         SYMBOL        Result
  -------         ENDDO         
  C:0384H         LINE#         123
  C:038CH         LINE#         124
  C:038CH         LINE#         126
  C:0390H         LINE#         127
  C:03A0H         LINE#         128
  C:03A0H         LINE#         129
  C:03A7H         LINE#         130
  C:03AAH         LINE#         131
  C:03AAH         LINE#         132
  -------         ENDPROC       _LCD_POW
  -------         PROC          _LCD_SHOWNUM
  D:0007H         SYMBOL        Line
  D:0005H         SYMBOL        Column
  D:000AH         SYMBOL        Number
  D:000CH         SYMBOL        Length
  -------         DO            
  D:0002H         SYMBOL        i
  -------         ENDDO         
  C:03ECH         LINE#         142
  C:03F0H         LINE#         143
  C:03F0H         LINE#         145
  C:03F3H         LINE#         146
  C:03FBH         LINE#         147
  C:03FBH         LINE#         148
  C:0405H         LINE#         149
  C:0408H         LINE#         150
  -------         ENDPROC       _LCD_SHOWNUM
  -------         PROC          _LCD_SHOWSIGNEDNUM
  D:0007H         SYMBOL        Line
  D:0005H         SYMBOL        Column
  D:0002H         SYMBOL        Number
  D:0015H         SYMBOL        Length
  -------         DO            
  D:0002H         SYMBOL        i
  D:0016H         SYMBOL        Number1
  -------         ENDDO         
BL51 BANKED LINKER/LOCATER V6.22.2.0                                                  09/12/2025  10:09:07  PAGE 7


  C:02CDH         LINE#         160
  C:02CDH         LINE#         161
  C:02CDH         LINE#         164
  C:02D0H         LINE#         165
  C:02D8H         LINE#         166
  C:02D8H         LINE#         167
  C:02DDH         LINE#         168
  C:02E1H         LINE#         169
  C:02E3H         LINE#         171
  C:02E3H         LINE#         172
  C:02E8H         LINE#         173
  C:02F1H         LINE#         174
  C:02F1H         LINE#         175
  C:02F9H         LINE#         176
  C:02F9H         LINE#         177
  C:0303H         LINE#         178
  C:0306H         LINE#         179
  -------         ENDPROC       _LCD_SHOWSIGNEDNUM
  -------         PROC          _LCD_SHOWHEXNUM
  D:0007H         SYMBOL        Line
  D:0005H         SYMBOL        Column
  D:001AH         SYMBOL        Number
  D:001CH         SYMBOL        Length
  -------         DO            
  D:0002H         SYMBOL        i
  D:0006H         SYMBOL        SingleNumber
  -------         ENDDO         
  C:0307H         LINE#         189
  C:030BH         LINE#         190
  C:030BH         LINE#         192
  C:030EH         LINE#         193
  C:0316H         LINE#         194
  C:0316H         LINE#         195
  C:032CH         LINE#         196
  C:0332H         LINE#         197
  C:0332H         LINE#         198
  C:0334H         LINE#         199
  C:0336H         LINE#         201
  C:0336H         LINE#         202
  C:033CH         LINE#         203
  C:033CH         LINE#         204
  C:033FH         LINE#         205
  -------         ENDPROC       _LCD_SHOWHEXNUM
  -------         PROC          _LCD_SHOWBINNUM
  D:0007H         SYMBOL        Line
  D:0005H         SYMBOL        Column
  D:001FH         SYMBOL        Number
  D:0021H         SYMBOL        Length
  -------         DO            
  D:0002H         SYMBOL        i
  -------         ENDDO         
  C:0340H         LINE#         215
  C:0344H         LINE#         216
  C:0344H         LINE#         218
  C:0347H         LINE#         219
  C:034FH         LINE#         220
  C:034FH         LINE#         221
BL51 BANKED LINKER/LOCATER V6.22.2.0                                                  09/12/2025  10:09:07  PAGE 8


  C:0374H         LINE#         222
  C:0377H         LINE#         223
  -------         ENDPROC       _LCD_SHOWBINNUM
  -------         ENDMOD        LCD1602

  -------         MODULE        DELAY
  C:0000H         SYMBOL        _ICE_DUMMY_
  C:041FH         PUBLIC        _Delay
  -------         PROC          _DELAY
  D:0006H         SYMBOL        xms
  -------         DO            
  D:0005H         SYMBOL        i
  D:0004H         SYMBOL        j
  -------         ENDDO         
  C:041FH         LINE#         2
  C:041FH         LINE#         3
  C:041FH         LINE#         6
  C:0429H         LINE#         7
  C:0429H         LINE#         8
  C:042BH         LINE#         9
  C:042DH         LINE#         11
  C:042DH         LINE#         12
  C:042FH         LINE#         13
  C:0431H         LINE#         14
  C:0433H         LINE#         15
  -------         ENDPROC       _DELAY
  -------         ENDMOD        DELAY

  -------         MODULE        KEY
  C:0000H         SYMBOL        _ICE_DUMMY_
  D:0090H         PUBLIC        P1
  C:0003H         PUBLIC        Key_Read
  B:0090H.0       PUBLIC        P1_0
  B:0090H.1       PUBLIC        P1_1
  B:0090H.2       PUBLIC        P1_2
  B:0090H.3       PUBLIC        P1_3
  B:0090H.4       PUBLIC        P1_4
  B:0090H.5       PUBLIC        P1_5
  B:0090H.6       PUBLIC        P1_6
  B:0090H.7       PUBLIC        P1_7
  -------         PROC          KEY_READ
  -------         DO            
  D:0008H         SYMBOL        temp
  -------         ENDDO         
  C:0003H         LINE#         4
  C:0003H         LINE#         5
  C:0003H         LINE#         6
  C:0006H         LINE#         8
  C:0009H         LINE#         9
  C:000BH         LINE#         10
  C:0021H         LINE#         11
  C:0038H         LINE#         12
  C:004FH         LINE#         13
  C:0066H         LINE#         14
  C:0069H         LINE#         15
  C:006BH         LINE#         16
  C:0082H         LINE#         17
BL51 BANKED LINKER/LOCATER V6.22.2.0                                                  09/12/2025  10:09:07  PAGE 9


  C:0099H         LINE#         18
  C:00B0H         LINE#         19
  C:00C7H         LINE#         20
  C:00CAH         LINE#         21
  C:00CCH         LINE#         22
  C:00E3H         LINE#         23
  C:00FAH         LINE#         24
  C:0111H         LINE#         25
  C:0128H         LINE#         26
  C:012BH         LINE#         27
  C:012DH         LINE#         28
  C:0144H         LINE#         29
  C:015BH         LINE#         30
  C:0172H         LINE#         31
  C:0189H         LINE#         33
  C:018BH         LINE#         34
  -------         ENDPROC       KEY_READ
  -------         ENDMOD        KEY

  -------         MODULE        ?C?CLDOPTR
  C:0239H         PUBLIC        ?C?CLDOPTR
  -------         ENDMOD        ?C?CLDOPTR

  -------         MODULE        ?C?IMUL
  C:0266H         PUBLIC        ?C?IMUL
  -------         ENDMOD        ?C?IMUL

  -------         MODULE        ?C?UIDIV
  C:0278H         PUBLIC        ?C?UIDIV
  -------         ENDMOD        ?C?UIDIV

*** WARNING L16: UNCALLED SEGMENT, IGNORED FOR OVERLAY PROCESS
    SEGMENT: ?PR?_LCD_SHOWCHAR?LCD1602

*** WARNING L16: UNCALLED SEGMENT, IGNORED FOR OVERLAY PROCESS
    SEGMENT: ?PR?_LCD_SHOWSIGNEDNUM?LCD1602

*** WARNING L16: UNCALLED SEGMENT, IGNORED FOR OVERLAY PROCESS
    SEGMENT: ?PR?_LCD_SHOWHEXNUM?LCD1602

*** WARNING L16: UNCALLED SEGMENT, IGNORED FOR OVERLAY PROCESS
    SEGMENT: ?PR?_LCD_SHOWBINNUM?LCD1602

Program Size: data=39.0 xdata=0 code=1161
LINK/LOCATE RUN COMPLETE.  4 WARNING(S),  0 ERROR(S)
