BL51 BANKED LINKER/LOCATER V6.22.2.0                                                    09/18/2025  22:59:50  PAGE 1


BL51 BANKED LINKER/LOCATER V6.22.2.0, INVOKED BY:
D:\KEIL_V5\C51\BIN\BL51.EXE .\Objects\main.obj, .\Objects\Key.obj, .\Objects\Delay.obj, .\Objects\LCD1602.obj, .\Objects
>> \Ds1302.obj TO .\Objects\test PRINT (.\Listings\test.m51) RAMSIZE (256)


MEMORY MODEL: SMALL


INPUT MODULES INCLUDED:
  .\Objects\main.obj (MAIN)
  .\Objects\Key.obj (KEY)
  .\Objects\Delay.obj (DELAY)
  .\Objects\LCD1602.obj (LCD1602)
  .\Objects\Ds1302.obj (DS1302)
  D:\KEIL_V5\C51\LIB\C51S.LIB (?C_STARTUP)
  D:\KEIL_V5\C51\LIB\C51S.LIB (?C?CLDOPTR)
  D:\KEIL_V5\C51\LIB\C51S.LIB (?C?IMUL)
  D:\KEIL_V5\C51\LIB\C51S.LIB (?C?UIDIV)


LINK MAP OF MODULE:  .\Objects\test (MAIN)


            TYPE    BASE      LENGTH    RELOCATION   SEGMENT NAME
            -----------------------------------------------------

            * * * * * * *   D A T A   M E M O R Y   * * * * * * *
            REG     0000H     0008H     ABSOLUTE     "REG BANK 0"
            DATA    0008H     0009H     UNIT         _DATA_GROUP_
            DATA    0011H     0007H     UNIT         ?DT?_LCD_SHOWSIGNEDNUM?LCD1602
            DATA    0018H     0005H     UNIT         ?DT?_LCD_SHOWHEXNUM?LCD1602
            DATA    001DH     0005H     UNIT         ?DT?_LCD_SHOWBINNUM?LCD1602
            DATA    0022H     0002H     UNIT         ?DT?MAIN
            DATA    0024H     0001H     UNIT         ?DT?KEY_READ?KEY
            IDATA   0025H     0001H     UNIT         ?STACK

            * * * * * * *   C O D E   M E M O R Y   * * * * * * *
            CODE    0000H     0003H     ABSOLUTE     
            CODE    0003H     014AH     UNIT         ?PR?KEY_READ?KEY
            CODE    014DH     0094H     UNIT         ?C?LIB_CODE
            CODE    01E1H     0075H     UNIT         ?PR?MAIN?MAIN
            CODE    0256H     0057H     UNIT         ?PR?_DS1302_WRITE?DS1302
            CODE    02ADH     004BH     UNIT         ?PR?_DS1302_READ?DS1302
            CODE    02F8H     003AH     UNIT         ?PR?_LCD_SHOWSIGNEDNUM?LCD1602
            CODE    0332H     0039H     UNIT         ?PR?_LCD_SHOWHEXNUM?LCD1602
            CODE    036BH     0038H     UNIT         ?PR?_LCD_SHOWBINNUM?LCD1602
            CODE    03A3H     0033H     UNIT         ?PR?_LCD_POW?LCD1602
            CODE    03D6H     0023H     UNIT         ?PR?_LCD_SHOWSTRING?LCD1602
            CODE    03F9H     0020H     UNIT         ?PR?_DS1302_WRITEBYTE?DS1302
            CODE    0419H     001EH     UNIT         ?PR?_LCD_WRITEDATA?LCD1602
            CODE    0437H     001DH     UNIT         ?PR?_LCD_SHOWNUM?LCD1602
            CODE    0454H     0016H     UNIT         ?PR?_LCD_SETCURSOR?LCD1602
            CODE    046AH     0014H     UNIT         ?PR?LCD_INIT?LCD1602
            CODE    047EH     0011H     UNIT         ?PR?_DELAY?DELAY
            CODE    048FH     000FH     UNIT         ?PR?LCD_DELAY?LCD1602
            CODE    049EH     000CH     UNIT         ?C_C51STARTUP
            CODE    04AAH     000AH     UNIT         ?PR?_LCD_WRITECOMMAND?LCD1602
            CODE    04B4H     000AH     UNIT         ?PR?_LCD_SHOWCHAR?LCD1602
BL51 BANKED LINKER/LOCATER V6.22.2.0                                                  09/18/2025  22:59:50  PAGE 2


            CODE    04BEH     0005H     UNIT         ?PR?DS1302_INIT?DS1302
            CODE    04C3H     0004H     UNIT         ?CO?MAIN



OVERLAY MAP OF MODULE:   .\Objects\test (MAIN)


SEGMENT                                  DATA_GROUP 
  +--> CALLED SEGMENT                  START    LENGTH
------------------------------------------------------
?C_C51STARTUP                          -----    -----
  +--> ?PR?MAIN?MAIN

?PR?MAIN?MAIN                          -----    -----
  +--> ?PR?DS1302_INIT?DS1302
  +--> ?PR?LCD_INIT?LCD1602
  +--> ?CO?MAIN
  +--> ?PR?_LCD_SHOWSTRING?LCD1602
  +--> ?PR?_DS1302_WRITEBYTE?DS1302
  +--> ?PR?_DS1302_READ?DS1302
  +--> ?PR?_LCD_SHOWNUM?LCD1602

?PR?LCD_INIT?LCD1602                   -----    -----
  +--> ?PR?_LCD_WRITECOMMAND?LCD1602

?PR?_LCD_WRITECOMMAND?LCD1602          -----    -----
  +--> ?PR?LCD_DELAY?LCD1602

?PR?_LCD_SHOWSTRING?LCD1602            0008H    0003H
  +--> ?PR?_LCD_SETCURSOR?LCD1602
  +--> ?PR?_LCD_WRITEDATA?LCD1602

?PR?_LCD_SETCURSOR?LCD1602             -----    -----
  +--> ?PR?_LCD_WRITECOMMAND?LCD1602

?PR?_LCD_WRITEDATA?LCD1602             -----    -----
  +--> ?PR?LCD_DELAY?LCD1602

?PR?_DS1302_WRITEBYTE?DS1302           0008H    0002H
  +--> ?PR?_DS1302_WRITE?DS1302

?PR?_DS1302_WRITE?DS1302               000AH    0002H

?PR?_LCD_SHOWNUM?LCD1602               0008H    0005H
  +--> ?PR?_LCD_SETCURSOR?LCD1602
  +--> ?PR?_LCD_POW?LCD1602
  +--> ?PR?_LCD_WRITEDATA?LCD1602

?PR?_LCD_POW?LCD1602                   000DH    0004H



SYMBOL TABLE OF MODULE:  .\Objects\test (MAIN)

  VALUE           TYPE          NAME
  ----------------------------------
BL51 BANKED LINKER/LOCATER V6.22.2.0                                                  09/18/2025  22:59:50  PAGE 3



  -------         MODULE        MAIN
  C:0000H         SYMBOL        _ICE_DUMMY_
  C:01E1H         PUBLIC        main
  D:0022H         PUBLIC        Second
  D:0023H         PUBLIC        Minute
  -------         PROC          MAIN
  C:01E1H         LINE#         9
  C:01E1H         LINE#         10
  C:01E1H         LINE#         11
  C:01E4H         LINE#         12
  C:01E7H         LINE#         13
  C:01F4H         LINE#         14
  C:01FDH         LINE#         15
  C:0206H         LINE#         16
  C:0206H         LINE#         17
  C:0206H         LINE#         18
  C:020DH         LINE#         19
  C:0214H         LINE#         20
  C:0234H         LINE#         21
  C:0254H         LINE#         22
  -------         ENDPROC       MAIN
  -------         ENDMOD        MAIN

  -------         MODULE        KEY
  C:0000H         SYMBOL        _ICE_DUMMY_
  D:0090H         PUBLIC        P1
  C:0003H         PUBLIC        Key_Read
  B:0090H.0       PUBLIC        P1_0
  B:0090H.1       PUBLIC        P1_1
  B:0090H.2       PUBLIC        P1_2
  B:0090H.3       PUBLIC        P1_3
  B:0090H.4       PUBLIC        P1_4
  B:0090H.5       PUBLIC        P1_5
  B:0090H.6       PUBLIC        P1_6
  B:0090H.7       PUBLIC        P1_7
  -------         PROC          KEY_READ
  -------         DO            
  D:0024H         SYMBOL        temp
  -------         ENDDO         
  C:0003H         LINE#         4
  C:0003H         LINE#         5
  C:0003H         LINE#         6
  C:0006H         LINE#         7
  C:0009H         LINE#         8
  C:000BH         LINE#         9
  C:001EH         LINE#         10
  C:0031H         LINE#         11
  C:0044H         LINE#         12
  C:0057H         LINE#         13
  C:005AH         LINE#         14
  C:005CH         LINE#         15
  C:006FH         LINE#         16
  C:0082H         LINE#         17
  C:0095H         LINE#         18
  C:00A8H         LINE#         19
  C:00ABH         LINE#         20
BL51 BANKED LINKER/LOCATER V6.22.2.0                                                  09/18/2025  22:59:50  PAGE 4


  C:00ADH         LINE#         21
  C:00C0H         LINE#         22
  C:00D3H         LINE#         23
  C:00E6H         LINE#         24
  C:00F9H         LINE#         25
  C:00FCH         LINE#         26
  C:00FEH         LINE#         27
  C:0111H         LINE#         28
  C:0124H         LINE#         29
  C:0137H         LINE#         30
  C:014AH         LINE#         31
  C:014CH         LINE#         32
  -------         ENDPROC       KEY_READ
  -------         ENDMOD        KEY

  -------         MODULE        DELAY
  C:0000H         SYMBOL        _ICE_DUMMY_
  C:047EH         PUBLIC        _Delay
  -------         PROC          _DELAY
  D:0007H         SYMBOL        xms
  -------         DO            
  D:0006H         SYMBOL        i
  D:0005H         SYMBOL        j
  -------         ENDDO         
  C:047EH         LINE#         3
  C:047EH         LINE#         4
  C:047EH         LINE#         6
  C:0484H         LINE#         7
  C:0484H         LINE#         8
  C:0486H         LINE#         9
  C:0488H         LINE#         11
  C:0488H         LINE#         12
  C:048AH         LINE#         13
  C:048CH         LINE#         14
  C:048EH         LINE#         15
  -------         ENDPROC       _DELAY
  -------         ENDMOD        DELAY

  -------         MODULE        LCD1602
  C:0000H         SYMBOL        _ICE_DUMMY_
  D:0080H         PUBLIC        P0
  D:00A0H         PUBLIC        P2
  C:04AAH         PUBLIC        _LCD_WriteCommand
  C:0437H         PUBLIC        _LCD_ShowNum
  C:036BH         PUBLIC        _LCD_ShowBinNum
  C:0495H         PUBLIC        LCD_Delay
  C:0332H         PUBLIC        _LCD_ShowHexNum
  C:042DH         PUBLIC        _LCD_WriteData
  B:00A0H.7       PUBLIC        LCD_EN
  C:046AH         PUBLIC        LCD_Init
  C:03D6H         PUBLIC        _LCD_ShowString
  C:04B4H         PUBLIC        _LCD_ShowChar
  B:00A0H.6       PUBLIC        LCD_RS
  B:00A0H.5       PUBLIC        LCD_RW
  C:0454H         PUBLIC        _LCD_SetCursor
  C:02F8H         PUBLIC        _LCD_ShowSignedNum
  C:03AFH         PUBLIC        _LCD_Pow
BL51 BANKED LINKER/LOCATER V6.22.2.0                                                  09/18/2025  22:59:50  PAGE 5


  -------         PROC          L?0048
  -------         ENDPROC       L?0048
  -------         PROC          LCD_DELAY
  -------         DO            
  D:0007H         SYMBOL        i
  D:0006H         SYMBOL        j
  -------         ENDDO         
  C:0495H         LINE#         15
  C:0495H         LINE#         16
  C:0495H         LINE#         19
  C:0497H         LINE#         20
  C:0499H         LINE#         22
  C:0499H         LINE#         23
  C:049BH         LINE#         24
  C:049DH         LINE#         25
  -------         ENDPROC       LCD_DELAY
  -------         PROC          _LCD_WRITECOMMAND
  D:0007H         SYMBOL        Command
  C:04AAH         LINE#         32
  C:04AAH         LINE#         33
  C:04AAH         LINE#         34
  C:04ACH         LINE#         35
  C:04ACH         LINE#         36
  C:04ACH         LINE#         37
  C:04ACH         LINE#         38
  C:04AFH         LINE#         39
  C:04B1H         LINE#         40
  -------         ENDPROC       _LCD_WRITECOMMAND
  -------         PROC          L?0047
  -------         ENDPROC       L?0047
  -------         PROC          _LCD_WRITEDATA
  D:0007H         SYMBOL        Data
  C:042DH         LINE#         48
  C:042DH         LINE#         49
  C:042DH         LINE#         50
  C:042FH         LINE#         51
  C:042FH         LINE#         52
  C:042FH         LINE#         53
  C:042FH         LINE#         54
  C:0432H         LINE#         55
  C:0434H         LINE#         56
  -------         ENDPROC       _LCD_WRITEDATA
  -------         PROC          _LCD_SETCURSOR
  D:0006H         SYMBOL        Line
  D:0005H         SYMBOL        Column
  C:0454H         LINE#         65
  C:0456H         LINE#         66
  C:0456H         LINE#         67
  C:0459H         LINE#         68
  C:0459H         LINE#         69
  C:045BH         LINE#         70
  C:045DH         LINE#         71
  C:0460H         LINE#         72
  C:0460H         LINE#         73
  C:0469H         LINE#         74
  C:0469H         LINE#         75
  -------         ENDPROC       _LCD_SETCURSOR
BL51 BANKED LINKER/LOCATER V6.22.2.0                                                  09/18/2025  22:59:50  PAGE 6


  -------         PROC          LCD_INIT
  C:046AH         LINE#         82
  C:046AH         LINE#         83
  C:046AH         LINE#         84
  C:046FH         LINE#         85
  C:0474H         LINE#         86
  C:0479H         LINE#         87
  -------         ENDPROC       LCD_INIT
  -------         PROC          _LCD_SHOWCHAR
  D:0006H         SYMBOL        Line
  D:0005H         SYMBOL        Column
  D:0004H         SYMBOL        Char
  C:04B4H         LINE#         97
  C:04B6H         LINE#         98
  C:04B6H         LINE#         99
  C:04B9H         LINE#         100
  -------         ENDPROC       _LCD_SHOWCHAR
  -------         PROC          _LCD_SHOWSTRING
  D:0007H         SYMBOL        Line
  D:0005H         SYMBOL        Column
  D:0008H         SYMBOL        String
  -------         DO            
  D:0005H         SYMBOL        i
  -------         ENDDO         
  C:03D6H         LINE#         110
  C:03DCH         LINE#         111
  C:03DCH         LINE#         113
  C:03DFH         LINE#         114
  C:03F2H         LINE#         115
  C:03F2H         LINE#         116
  C:03F5H         LINE#         117
  C:03F8H         LINE#         118
  -------         ENDPROC       _LCD_SHOWSTRING
  C:03A5H         SYMBOL        L?0046
  -------         PROC          L?0045
  -------         ENDPROC       L?0045
  C:03A5H         SYMBOL        L?0046
  -------         PROC          _LCD_POW
  D:000DH         SYMBOL        X
  D:000FH         SYMBOL        Y
  -------         DO            
  D:0003H         SYMBOL        i
  D:0006H         SYMBOL        Result
  -------         ENDDO         
  C:03AFH         LINE#         123
  C:03B7H         LINE#         124
  C:03B7H         LINE#         126
  C:03BBH         LINE#         127
  C:03CBH         LINE#         128
  C:03CBH         LINE#         129
  C:03D2H         LINE#         130
  C:03D5H         LINE#         131
  C:03D5H         LINE#         132
  -------         ENDPROC       _LCD_POW
  -------         PROC          _LCD_SHOWNUM
  D:0007H         SYMBOL        Line
  D:0005H         SYMBOL        Column
BL51 BANKED LINKER/LOCATER V6.22.2.0                                                  09/18/2025  22:59:50  PAGE 7


  D:000AH         SYMBOL        Number
  D:000CH         SYMBOL        Length
  -------         DO            
  D:0002H         SYMBOL        i
  -------         ENDDO         
  C:0437H         LINE#         142
  C:043BH         LINE#         143
  C:043BH         LINE#         145
  C:043EH         LINE#         146
  C:0446H         LINE#         147
  C:0446H         LINE#         148
  C:0450H         LINE#         149
  C:0453H         LINE#         150
  -------         ENDPROC       _LCD_SHOWNUM
  -------         PROC          _LCD_SHOWSIGNEDNUM
  D:0007H         SYMBOL        Line
  D:0005H         SYMBOL        Column
  D:0002H         SYMBOL        Number
  D:0015H         SYMBOL        Length
  -------         DO            
  D:0002H         SYMBOL        i
  D:0016H         SYMBOL        Number1
  -------         ENDDO         
  C:02F8H         LINE#         160
  C:02F8H         LINE#         161
  C:02F8H         LINE#         164
  C:02FBH         LINE#         165
  C:0303H         LINE#         166
  C:0303H         LINE#         167
  C:0308H         LINE#         168
  C:030CH         LINE#         169
  C:030EH         LINE#         171
  C:030EH         LINE#         172
  C:0313H         LINE#         173
  C:031CH         LINE#         174
  C:031CH         LINE#         175
  C:0324H         LINE#         176
  C:0324H         LINE#         177
  C:032EH         LINE#         178
  C:0331H         LINE#         179
  -------         ENDPROC       _LCD_SHOWSIGNEDNUM
  -------         PROC          _LCD_SHOWHEXNUM
  D:0007H         SYMBOL        Line
  D:0005H         SYMBOL        Column
  D:001AH         SYMBOL        Number
  D:001CH         SYMBOL        Length
  -------         DO            
  D:0002H         SYMBOL        i
  D:0006H         SYMBOL        SingleNumber
  -------         ENDDO         
  C:0332H         LINE#         189
  C:0336H         LINE#         190
  C:0336H         LINE#         192
  C:0339H         LINE#         193
  C:0341H         LINE#         194
  C:0341H         LINE#         195
  C:0357H         LINE#         196
BL51 BANKED LINKER/LOCATER V6.22.2.0                                                  09/18/2025  22:59:50  PAGE 8


  C:035DH         LINE#         197
  C:035DH         LINE#         198
  C:035FH         LINE#         199
  C:0361H         LINE#         201
  C:0361H         LINE#         202
  C:0367H         LINE#         203
  C:0367H         LINE#         204
  C:036AH         LINE#         205
  -------         ENDPROC       _LCD_SHOWHEXNUM
  -------         PROC          _LCD_SHOWBINNUM
  D:0007H         SYMBOL        Line
  D:0005H         SYMBOL        Column
  D:001FH         SYMBOL        Number
  D:0021H         SYMBOL        Length
  -------         DO            
  D:0002H         SYMBOL        i
  -------         ENDDO         
  C:036BH         LINE#         215
  C:036FH         LINE#         216
  C:036FH         LINE#         218
  C:0372H         LINE#         219
  C:037AH         LINE#         220
  C:037AH         LINE#         221
  C:039FH         LINE#         222
  C:03A2H         LINE#         223
  -------         ENDPROC       _LCD_SHOWBINNUM
  -------         ENDMOD        LCD1602

  -------         MODULE        DS1302
  C:0000H         SYMBOL        _ICE_DUMMY_
  D:00B0H         PUBLIC        P3
  C:02ADH         PUBLIC        _DS1302_Read
  B:00B0H.5       PUBLIC        DS1302_CE
  C:0256H         PUBLIC        _DS1302_Write
  C:04BEH         PUBLIC        DS1302_Init
  B:00B0H.4       PUBLIC        DS1302_IO
  C:03F9H         PUBLIC        _DS1302_WriteByte
  B:00B0H.6       PUBLIC        DS1302_SCLK
  -------         PROC          DS1302_INIT
  C:04BEH         LINE#         8
  C:04BEH         LINE#         9
  C:04BEH         LINE#         10
  C:04C0H         LINE#         11
  C:04C2H         LINE#         12
  -------         ENDPROC       DS1302_INIT
  -------         PROC          _DS1302_WRITE
  D:0003H         SYMBOL        Command
  D:000AH         SYMBOL        Data
  -------         DO            
  D:0005H         SYMBOL        i
  -------         ENDDO         
  C:0256H         LINE#         14
  C:025CH         LINE#         15
  C:025CH         LINE#         16
  C:025EH         LINE#         17
  C:0260H         LINE#         18
  C:0260H         LINE#         19
BL51 BANKED LINKER/LOCATER V6.22.2.0                                                  09/18/2025  22:59:50  PAGE 9


  C:0260H         LINE#         20
  C:027BH         LINE#         21
  C:027DH         LINE#         22
  C:027FH         LINE#         23
  C:0283H         LINE#         24
  C:0285H         LINE#         25
  C:0285H         LINE#         26
  C:02A2H         LINE#         27
  C:02A4H         LINE#         28
  C:02A6H         LINE#         29
  C:02AAH         LINE#         30
  C:02ACH         LINE#         31
  -------         ENDPROC       _DS1302_WRITE
  -------         PROC          _DS1302_READ
  D:0001H         SYMBOL        Command
  -------         DO            
  D:0005H         SYMBOL        i
  D:0003H         SYMBOL        Data
  -------         ENDDO         
  C:02ADH         LINE#         33
  C:02AFH         LINE#         34
  C:02AFH         LINE#         35
  C:02B1H         LINE#         36
  C:02B2H         LINE#         37
  C:02B4H         LINE#         38
  C:02B4H         LINE#         39
  C:02B4H         LINE#         40
  C:02CFH         LINE#         41
  C:02D1H         LINE#         42
  C:02D3H         LINE#         43
  C:02D7H         LINE#         44
  C:02D9H         LINE#         45
  C:02D9H         LINE#         46
  C:02DBH         LINE#         47
  C:02DDH         LINE#         48
  C:02EDH         LINE#         49
  C:02F1H         LINE#         50
  C:02F3H         LINE#         51
  C:02F5H         LINE#         52
  C:02F7H         LINE#         53
  -------         ENDPROC       _DS1302_READ
  -------         PROC          _DS1302_WRITEBYTE
  D:0002H         SYMBOL        Command
  D:0008H         SYMBOL        Data
  C:03F9H         LINE#         55
  C:03FFH         LINE#         56
  C:03FFH         LINE#         57
  C:0407H         LINE#         58
  C:0410H         LINE#         59
  -------         ENDPROC       _DS1302_WRITEBYTE
  -------         ENDMOD        DS1302

  -------         MODULE        ?C?CLDOPTR
  C:014DH         PUBLIC        ?C?CLDOPTR
  -------         ENDMOD        ?C?CLDOPTR

  -------         MODULE        ?C?IMUL
BL51 BANKED LINKER/LOCATER V6.22.2.0                                                  09/18/2025  22:59:50  PAGE 10


  C:017AH         PUBLIC        ?C?IMUL
  -------         ENDMOD        ?C?IMUL

  -------         MODULE        ?C?UIDIV
  C:018CH         PUBLIC        ?C?UIDIV
  -------         ENDMOD        ?C?UIDIV

*** WARNING L16: UNCALLED SEGMENT, IGNORED FOR OVERLAY PROCESS
    SEGMENT: ?PR?KEY_READ?KEY

*** WARNING L16: UNCALLED SEGMENT, IGNORED FOR OVERLAY PROCESS
    SEGMENT: ?PR?_LCD_SHOWCHAR?LCD1602

*** WARNING L16: UNCALLED SEGMENT, IGNORED FOR OVERLAY PROCESS
    SEGMENT: ?PR?_LCD_SHOWSIGNEDNUM?LCD1602

*** WARNING L16: UNCALLED SEGMENT, IGNORED FOR OVERLAY PROCESS
    SEGMENT: ?PR?_LCD_SHOWHEXNUM?LCD1602

*** WARNING L16: UNCALLED SEGMENT, IGNORED FOR OVERLAY PROCESS
    SEGMENT: ?PR?_LCD_SHOWBINNUM?LCD1602

Program Size: data=38.0 xdata=0 code=1223
LINK/LOCATE RUN COMPLETE.  5 WARNING(S),  0 ERROR(S)
