BL51 BANKED LINKER/LOCATER V6.22.2.0                                                    09/17/2025  11:15:12  PAGE 1


BL51 BANKED LINKER/LOCATER V6.22.2.0, INVOKED BY:
D:\KEIL_V5\C51\BIN\BL51.EXE .\Objects\main.obj, .\Objects\UART.obj, .\Objects\Delay.obj TO .\Objects\test PRINT (.\Listi
>> ngs\test.m51) RAMSIZE (256)


MEMORY MODEL: SMALL


INPUT MODULES INCLUDED:
  .\Objects\main.obj (MAIN)
  .\Objects\UART.obj (UART)
  .\Objects\Delay.obj (DELAY)
  D:\KEIL_V5\C51\LIB\C51S.LIB (?C_STARTUP)


LINK MAP OF MODULE:  .\Objects\test (MAIN)


            TYPE    BASE      LENGTH    RELOCATION   SEGMENT NAME
            -----------------------------------------------------

            * * * * * * *   D A T A   M E M O R Y   * * * * * * *
            REG     0000H     0008H     ABSOLUTE     "REG BANK 0"
            IDATA   0008H     0001H     UNIT         ?STACK

            * * * * * * *   C O D E   M E M O R Y   * * * * * * *
            CODE    0000H     0003H     ABSOLUTE     
            CODE    0003H     001BH     UNIT         ?PR?UART_INIT?UART
            CODE    001EH     0005H     UNIT         ?PR?MAIN?MAIN
            CODE    0023H     0003H     ABSOLUTE     
            CODE    0026H     0019H     UNIT         ?PR?UART_ROUTINE?MAIN
            CODE    003FH     0015H     UNIT         ?PR?_DELAY?DELAY
            CODE    0054H     000CH     UNIT         ?C_C51STARTUP
            CODE    0060H     0008H     UNIT         ?PR?_UART_SENDBYTE?MAIN



OVERLAY MAP OF MODULE:   .\Objects\test (MAIN)


SEGMENT
  +--> CALLED SEGMENT
---------------------
?PR?UART_ROUTINE?MAIN
  +--> ?PR?_UART_SENDBYTE?MAIN

*** NEW ROOT ***************************************************

?C_C51STARTUP
  +--> ?PR?MAIN?MAIN

?PR?MAIN?MAIN
  +--> ?PR?UART_INIT?UART



SYMBOL TABLE OF MODULE:  .\Objects\test (MAIN)

BL51 BANKED LINKER/LOCATER V6.22.2.0                                                  09/17/2025  11:15:12  PAGE 2


  VALUE           TYPE          NAME
  ----------------------------------

  -------         MODULE        MAIN
  C:0000H         SYMBOL        _ICE_DUMMY_
  D:00A0H         PUBLIC        P2
  C:0026H         PUBLIC        UART_Routine
  B:0098H.0       PUBLIC        RI
  B:0098H.1       PUBLIC        TI
  C:001EH         PUBLIC        main
  D:0099H         PUBLIC        SBUF
  C:0060H         PUBLIC        _UART_SendByte
  -------         PROC          _UART_SENDBYTE
  D:0007H         SYMBOL        Byte
  C:0060H         LINE#         6
  C:0060H         LINE#         7
  C:0060H         LINE#         8
  C:0062H         LINE#         9
  C:0065H         LINE#         10
  C:0067H         LINE#         11
  -------         ENDPROC       _UART_SENDBYTE
  -------         PROC          MAIN
  C:001EH         LINE#         13
  C:001EH         LINE#         14
  C:001EH         LINE#         15
  C:0021H         LINE#         16
  C:0021H         LINE#         17
  C:0021H         LINE#         19
  -------         ENDPROC       MAIN
  -------         PROC          UART_ROUTINE
  C:0026H         LINE#         23
  C:002DH         LINE#         25
  C:0030H         LINE#         26
  C:0030H         LINE#         27
  C:0033H         LINE#         28
  C:0038H         LINE#         29
  C:003AH         LINE#         30
  C:003AH         LINE#         31
  -------         ENDPROC       UART_ROUTINE
  -------         ENDMOD        MAIN

  -------         MODULE        UART
  C:0000H         SYMBOL        _ICE_DUMMY_
  B:00A8H.7       PUBLIC        EA
  B:00A8H.4       PUBLIC        ES
  D:0087H         PUBLIC        PCON
  C:0003H         PUBLIC        UART_Init
  D:0098H         PUBLIC        SCON
  D:0089H         PUBLIC        TMOD
  B:00A8H.3       PUBLIC        ET1
  D:008DH         PUBLIC        TH1
  D:008BH         PUBLIC        TL1
  B:0088H.6       PUBLIC        TR1
  -------         PROC          UART_INIT
  C:0003H         LINE#         3
  C:0003H         LINE#         4
  C:0003H         LINE#         5
BL51 BANKED LINKER/LOCATER V6.22.2.0                                                  09/17/2025  11:15:12  PAGE 3


  C:0006H         LINE#         6
  C:0009H         LINE#         7
  C:000CH         LINE#         8
  C:000FH         LINE#         9
  C:0012H         LINE#         10
  C:0015H         LINE#         11
  C:0017H         LINE#         12
  C:0019H         LINE#         13
  C:001BH         LINE#         14
  C:001DH         LINE#         15
  -------         ENDPROC       UART_INIT
  -------         ENDMOD        UART

  -------         MODULE        DELAY
  C:0000H         SYMBOL        _ICE_DUMMY_
  C:003FH         PUBLIC        _Delay
  -------         PROC          _DELAY
  D:0006H         SYMBOL        xms
  -------         DO            
  D:0005H         SYMBOL        i
  D:0004H         SYMBOL        j
  -------         ENDDO         
  C:003FH         LINE#         3
  C:003FH         LINE#         4
  C:003FH         LINE#         6
  C:0049H         LINE#         7
  C:0049H         LINE#         8
  C:004BH         LINE#         9
  C:004DH         LINE#         11
  C:004DH         LINE#         12
  C:004FH         LINE#         13
  C:0051H         LINE#         14
  C:0053H         LINE#         15
  -------         ENDPROC       _DELAY
  -------         ENDMOD        DELAY

*** WARNING L16: UNCALLED SEGMENT, IGNORED FOR OVERLAY PROCESS
    SEGMENT: ?PR?_DELAY?DELAY

Program Size: data=9.0 xdata=0 code=104
LINK/LOCATE RUN COMPLETE.  1 WARNING(S),  0 ERROR(S)
