BL51 BANKED LINKER/LOCATER V6.22.2.0                                                    09/17/2025  20:44:31  PAGE 1


BL51 BANKED LINKER/LOCATER V6.22.2.0, INVOKED BY:
D:\KEIL_V5\C51\BIN\BL51.EXE .\Objects\main.obj, .\Objects\LedZ.obj, .\Objects\Delay.obj TO .\Objects\test PRINT (.\Listi
>> ngs\test.m51) RAMSIZE (256)


MEMORY MODEL: SMALL


INPUT MODULES INCLUDED:
  .\Objects\main.obj (MAIN)
  .\Objects\LedZ.obj (LEDZ)
  .\Objects\Delay.obj (DELAY)
  D:\KEIL_V5\C51\LIB\C51S.LIB (?C_STARTUP)


LINK MAP OF MODULE:  .\Objects\test (MAIN)


            TYPE    BASE      LENGTH    RELOCATION   SEGMENT NAME
            -----------------------------------------------------

            * * * * * * *   D A T A   M E M O R Y   * * * * * * *
            REG     0000H     0008H     ABSOLUTE     "REG BANK 0"
            DATA    0008H     0003H     UNIT         _DATA_GROUP_
            IDATA   000BH     0001H     UNIT         ?STACK

            * * * * * * *   C O D E   M E M O R Y   * * * * * * *
            CODE    0000H     0003H     ABSOLUTE     
            CODE    0003H     0040H     UNIT         ?PR?MAIN?MAIN
            CODE    0043H     0030H     UNIT         ?CO?MAIN
            CODE    0073H     002DH     UNIT         ?PR?_LEDZ_DATA?LEDZ
            CODE    00A0H     0022H     UNIT         ?PR?_LEDZ_SHOW?LEDZ
            CODE    00C2H     0015H     UNIT         ?PR?_DELAY?DELAY
            CODE    00D7H     000CH     UNIT         ?C_C51STARTUP
            CODE    00E3H     0005H     UNIT         ?PR?LEDZ_INIT?LEDZ



OVERLAY MAP OF MODULE:   .\Objects\test (MAIN)


SEGMENT                          DATA_GROUP 
  +--> CALLED SEGMENT          START    LENGTH
----------------------------------------------
?C_C51STARTUP                  -----    -----
  +--> ?PR?MAIN?MAIN

?PR?MAIN?MAIN                  0008H    0003H
  +--> ?PR?LEDZ_INIT?LEDZ
  +--> ?CO?MAIN
  +--> ?PR?_LEDZ_SHOW?LEDZ

?PR?_LEDZ_SHOW?LEDZ            -----    -----
  +--> ?PR?_LEDZ_DATA?LEDZ
  +--> ?PR?_DELAY?DELAY



BL51 BANKED LINKER/LOCATER V6.22.2.0                                                  09/17/2025  20:44:31  PAGE 2


SYMBOL TABLE OF MODULE:  .\Objects\test (MAIN)

  VALUE           TYPE          NAME
  ----------------------------------

  -------         MODULE        MAIN
  C:0000H         SYMBOL        _ICE_DUMMY_
  C:0043H         PUBLIC        Animation
  C:0003H         PUBLIC        main
  -------         PROC          MAIN
  -------         DO            
  D:0008H         SYMBOL        i
  D:0009H         SYMBOL        iffset
  D:000AH         SYMBOL        Count
  -------         ENDDO         
  C:0003H         LINE#         15
  C:0003H         LINE#         16
  C:0003H         LINE#         17
  C:0008H         LINE#         18
  C:000BH         LINE#         19
  C:000BH         LINE#         20
  C:000BH         LINE#         21
  C:000EH         LINE#         22
  C:000EH         LINE#         23
  C:001EH         LINE#         24
  C:0027H         LINE#         25
  C:0029H         LINE#         26
  C:0030H         LINE#         27
  C:0030H         LINE#         28
  C:0033H         LINE#         29
  C:0039H         LINE#         30
  C:0041H         LINE#         31
  C:0041H         LINE#         32
  -------         ENDPROC       MAIN
  -------         ENDMOD        MAIN

  -------         MODULE        LEDZ
  C:0000H         SYMBOL        _ICE_DUMMY_
  D:0080H         PUBLIC        P0
  D:00B0H         PUBLIC        P3
  C:0073H         PUBLIC        _LedZ_Data
  B:00B0H.5       PUBLIC        RCK
  B:00B0H.6       PUBLIC        SCK
  C:00E3H         PUBLIC        LedZ_Init
  B:00B0H.4       PUBLIC        SER
  C:00A0H         PUBLIC        _LedZ_Show
  -------         PROC          LEDZ_INIT
  C:00E3H         LINE#         9
  C:00E3H         LINE#         10
  C:00E3H         LINE#         11
  C:00E5H         LINE#         12
  C:00E7H         LINE#         13
  -------         ENDPROC       LEDZ_INIT
  -------         PROC          _LEDZ_DATA
  D:0005H         SYMBOL        Data
  -------         DO            
  D:0003H         SYMBOL        i
BL51 BANKED LINKER/LOCATER V6.22.2.0                                                  09/17/2025  20:44:31  PAGE 3


  -------         ENDDO         
  C:0073H         LINE#         15
  C:0075H         LINE#         16
  C:0075H         LINE#         18
  C:0077H         LINE#         19
  C:0077H         LINE#         20
  C:0093H         LINE#         21
  C:0095H         LINE#         22
  C:0097H         LINE#         23
  C:009BH         LINE#         24
  C:009DH         LINE#         25
  C:009FH         LINE#         26
  -------         ENDPROC       _LEDZ_DATA
  -------         PROC          _LEDZ_SHOW
  D:0002H         SYMBOL        Data1
  D:0004H         SYMBOL        Data2
  C:00A0H         LINE#         29
  C:00A2H         LINE#         30
  C:00A2H         LINE#         31
  C:00A7H         LINE#         32
  C:00B7H         LINE#         33
  C:00BEH         LINE#         34
  C:00C1H         LINE#         35
  -------         ENDPROC       _LEDZ_SHOW
  -------         ENDMOD        LEDZ

  -------         MODULE        DELAY
  C:0000H         SYMBOL        _ICE_DUMMY_
  C:00C2H         PUBLIC        _Delay
  -------         PROC          _DELAY
  D:0006H         SYMBOL        xms
  -------         DO            
  D:0005H         SYMBOL        i
  D:0004H         SYMBOL        j
  -------         ENDDO         
  C:00C2H         LINE#         1
  C:00C2H         LINE#         2
  C:00C2H         LINE#         4
  C:00CCH         LINE#         5
  C:00CCH         LINE#         6
  C:00CEH         LINE#         7
  C:00D0H         LINE#         9
  C:00D0H         LINE#         10
  C:00D2H         LINE#         11
  C:00D4H         LINE#         12
  C:00D6H         LINE#         13
  -------         ENDPROC       _DELAY
  -------         ENDMOD        DELAY

Program Size: data=12.0 xdata=0 code=232
LINK/LOCATE RUN COMPLETE.  0 WARNING(S),  0 ERROR(S)
