BL51 BANKED LINKER/LOCATER V6.22.2.0                                                    09/17/2025  17:41:37  PAGE 1


BL51 BANKED LINKER/LOCATER V6.22.2.0, INVOKED BY:
D:\KEIL_V5\C51\BIN\BL51.EXE .\Objects\main.obj, .\Objects\Delay.obj TO .\Objects\test PRINT (.\Listings\test.m51) RAMSIZ
>> E (256)


MEMORY MODEL: SMALL


INPUT MODULES INCLUDED:
  .\Objects\main.obj (MAIN)
  .\Objects\Delay.obj (DELAY)
  D:\KEIL_V5\C51\LIB\C51S.LIB (?C_STARTUP)


LINK MAP OF MODULE:  .\Objects\test (MAIN)


            TYPE    BASE      LENGTH    RELOCATION   SEGMENT NAME
            -----------------------------------------------------

            * * * * * * *   D A T A   M E M O R Y   * * * * * * *
            REG     0000H     0008H     ABSOLUTE     "REG BANK 0"
            IDATA   0008H     0001H     UNIT         ?STACK

            * * * * * * *   C O D E   M E M O R Y   * * * * * * *
            CODE    0000H     0003H     ABSOLUTE     
            CODE    0003H     002DH     UNIT         ?PR?__74HC595_WRITEBYTE?MAIN
            CODE    0030H     002AH     UNIT         ?PR?MAIN?MAIN
            CODE    005AH     0022H     UNIT         ?PR?_MATRIXLED_SHOW?MAIN
            CODE    007CH     0015H     UNIT         ?PR?_DELAY?DELAY
            CODE    0091H     000CH     UNIT         ?C_C51STARTUP



OVERLAY MAP OF MODULE:   .\Objects\test (MAIN)


SEGMENT
  +--> CALLED SEGMENT
---------------------
?C_C51STARTUP
  +--> ?PR?MAIN?MAIN

?PR?MAIN?MAIN
  +--> ?PR?_MATRIXLED_SHOW?MAIN

?PR?_MATRIXLED_SHOW?MAIN
  +--> ?PR?__74HC595_WRITEBYTE?MAIN
  +--> ?PR?_DELAY?DELAY



SYMBOL TABLE OF MODULE:  .\Objects\test (MAIN)

  VALUE           TYPE          NAME
  ----------------------------------

  -------         MODULE        MAIN
BL51 BANKED LINKER/LOCATER V6.22.2.0                                                  09/17/2025  17:41:37  PAGE 2


  C:0000H         SYMBOL        _ICE_DUMMY_
  D:0080H         PUBLIC        P0
  C:0003H         PUBLIC        __74HC595_WriteByte
  B:00B0H.6       PUBLIC        SRCLK
  D:00B0H         PUBLIC        P3
  C:0030H         PUBLIC        main
  C:005AH         PUBLIC        _MatrixLED_Show
  B:00B0H.5       PUBLIC        RCK
  B:00B0H.4       PUBLIC        SER
  -------         PROC          __74HC595_WRITEBYTE
  D:0005H         SYMBOL        Byte
  -------         DO            
  D:0003H         SYMBOL        i
  -------         ENDDO         
  C:0003H         LINE#         9
  C:0005H         LINE#         10
  C:0005H         LINE#         12
  C:0007H         LINE#         13
  C:0007H         LINE#         14
  C:0023H         LINE#         15
  C:0025H         LINE#         16
  C:0027H         LINE#         17
  C:002BH         LINE#         18
  C:002DH         LINE#         19
  C:002FH         LINE#         20
  -------         ENDPROC       __74HC595_WRITEBYTE
  -------         PROC          _MATRIXLED_SHOW
  D:0002H         SYMBOL        Data1
  D:0004H         SYMBOL        Data2
  C:005AH         LINE#         22
  C:005CH         LINE#         23
  C:005CH         LINE#         24
  C:0061H         LINE#         25
  C:0071H         LINE#         26
  C:0078H         LINE#         27
  C:007BH         LINE#         28
  -------         ENDPROC       _MATRIXLED_SHOW
  -------         PROC          MAIN
  C:0030H         LINE#         30
  C:0030H         LINE#         31
  C:0030H         LINE#         32
  C:0032H         LINE#         33
  C:0034H         LINE#         34
  C:0034H         LINE#         35
  C:0034H         LINE#         36
  C:003DH         LINE#         37
  C:0046H         LINE#         38
  C:004FH         LINE#         39
  C:0058H         LINE#         40
  -------         ENDPROC       MAIN
  -------         ENDMOD        MAIN

  -------         MODULE        DELAY
  C:0000H         SYMBOL        _ICE_DUMMY_
  C:007CH         PUBLIC        _Delay
  -------         PROC          _DELAY
  D:0006H         SYMBOL        xms
BL51 BANKED LINKER/LOCATER V6.22.2.0                                                  09/17/2025  17:41:37  PAGE 3


  -------         DO            
  D:0005H         SYMBOL        i
  D:0004H         SYMBOL        j
  -------         ENDDO         
  C:007CH         LINE#         2
  C:007CH         LINE#         3
  C:007CH         LINE#         5
  C:0086H         LINE#         6
  C:0086H         LINE#         7
  C:0088H         LINE#         8
  C:008AH         LINE#         10
  C:008AH         LINE#         11
  C:008CH         LINE#         12
  C:008EH         LINE#         13
  C:0090H         LINE#         14
  -------         ENDPROC       _DELAY
  -------         ENDMOD        DELAY

Program Size: data=9.0 xdata=0 code=157
LINK/LOCATE RUN COMPLETE.  0 WARNING(S),  0 ERROR(S)
