BL51 BANKED LINKER/LOCATER V6.22.2.0                                                    09/11/2025  12:25:04  PAGE 1


BL51 BANKED LINKER/LOCATER V6.22.2.0, INVOKED BY:
D:\KEIL_V5\C51\BIN\BL51.EXE .\Objects\main.obj TO .\Objects\test PRINT (.\Listings\test.m51) RAMSIZE (256)


MEMORY MODEL: SMALL


INPUT MODULES INCLUDED:
  .\Objects\main.obj (MAIN)
  D:\KEIL_V5\C51\LIB\C51S.LIB (?C_STARTUP)
  D:\KEIL_V5\C51\LIB\C51S.LIB (?C_INIT)


LINK MAP OF MODULE:  .\Objects\test (MAIN)


            TYPE    BASE      LENGTH    RELOCATION   SEGMENT NAME
            -----------------------------------------------------

            * * * * * * *   D A T A   M E M O R Y   * * * * * * *
            REG     0000H     0008H     ABSOLUTE     "REG BANK 0"
            DATA    0008H     0001H     UNIT         ?DT?MAIN
            IDATA   0009H     0001H     UNIT         ?STACK

            * * * * * * *   C O D E   M E M O R Y   * * * * * * *
            CODE    0000H     0003H     ABSOLUTE     
            CODE    0003H     008CH     UNIT         ?C_C51STARTUP
            CODE    008FH     0061H     UNIT         ?PR?MAIN?MAIN
            CODE    00F0H     0011H     UNIT         ?PR?_DELAY?MAIN
            CODE    0101H     0004H     UNIT         ?C_INITSEG



OVERLAY MAP OF MODULE:   .\Objects\test (MAIN)


SEGMENT
  +--> CALLED SEGMENT
---------------------
?C_C51STARTUP
  +--> ?PR?MAIN?MAIN
  +--> ?C_INITSEG

?PR?MAIN?MAIN
  +--> ?PR?_DELAY?MAIN



SYMBOL TABLE OF MODULE:  .\Objects\test (MAIN)

  VALUE           TYPE          NAME
  ----------------------------------

  -------         MODULE        MAIN
  C:0000H         SYMBOL        _ICE_DUMMY_
  D:00A0H         PUBLIC        P2
  B:00B0H.0       PUBLIC        P3_0
  B:00B0H.1       PUBLIC        P3_1
BL51 BANKED LINKER/LOCATER V6.22.2.0                                                  09/11/2025  12:25:04  PAGE 2


  D:0008H         PUBLIC        Led
  C:008FH         PUBLIC        main
  C:00F0H         PUBLIC        _Delay
  -------         PROC          _DELAY
  D:0007H         SYMBOL        xms
  -------         DO            
  D:0006H         SYMBOL        i
  D:0005H         SYMBOL        j
  -------         ENDDO         
  C:00F0H         LINE#         5
  C:00F0H         LINE#         6
  C:00F0H         LINE#         9
  C:00F6H         LINE#         10
  C:00F6H         LINE#         11
  C:00F8H         LINE#         12
  C:00FAH         LINE#         14
  C:00FAH         LINE#         15
  C:00FCH         LINE#         16
  C:00FEH         LINE#         17
  C:0100H         LINE#         19
  -------         ENDPROC       _DELAY
  -------         PROC          MAIN
  C:008FH         LINE#         22
  C:008FH         LINE#         23
  C:008FH         LINE#         24
  C:0092H         LINE#         25
  C:0092H         LINE#         26
  C:0092H         LINE#         27
  C:0095H         LINE#         28
  C:0095H         LINE#         29
  C:009AH         LINE#         30
  C:009DH         LINE#         31
  C:00A2H         LINE#         32
  C:00A4H         LINE#         33
  C:00ADH         LINE#         34
  C:00B0H         LINE#         35
  C:00C0H         LINE#         36
  C:00C0H         LINE#         37
  C:00C3H         LINE#         38
  C:00C3H         LINE#         39
  C:00C8H         LINE#         40
  C:00CBH         LINE#         41
  C:00D0H         LINE#         42
  C:00D2H         LINE#         43
  C:00DBH         LINE#         44
  C:00DEH         LINE#         45
  C:00EEH         LINE#         46
  C:00EEH         LINE#         47
  -------         ENDPROC       MAIN
  -------         ENDMOD        MAIN

Program Size: data=10.0 xdata=0 code=261
LINK/LOCATE RUN COMPLETE.  0 WARNING(S),  0 ERROR(S)
