BL51 BANKED LINKER/LOCATER V6.22.2.0                                                    09/16/2025  20:10:01  PAGE 1


BL51 BANKED LINKER/LOCATER V6.22.2.0, INVOKED BY:
D:\KEIL_V5\C51\BIN\BL51.EXE .\Objects\main.obj, .\Objects\Delay.obj TO .\Objects\test PRINT (.\Listings\test.m51) RAMSIZ
>> E (256)


MEMORY MODEL: SMALL


INPUT MODULES INCLUDED:
  .\Objects\main.obj (MAIN)
  .\Objects\Delay.obj (DELAY)
  D:\KEIL_V5\C51\LIB\C51S.LIB (?C_STARTUP)


LINK MAP OF MODULE:  .\Objects\test (MAIN)


            TYPE    BASE      LENGTH    RELOCATION   SEGMENT NAME
            -----------------------------------------------------

            * * * * * * *   D A T A   M E M O R Y   * * * * * * *
            REG     0000H     0008H     ABSOLUTE     "REG BANK 0"
            DATA    0008H     0001H     UNIT         ?DT?MAIN
            IDATA   0009H     0001H     UNIT         ?STACK

            * * * * * * *   C O D E   M E M O R Y   * * * * * * *
            CODE    0000H     0003H     ABSOLUTE     
            CODE    0003H     0017H     UNIT         ?PR?UART_INIT?MAIN
            CODE    001AH     0015H     UNIT         ?PR?_DELAY?DELAY
            CODE    002FH     0013H     UNIT         ?PR?MAIN?MAIN
            CODE    0042H     000CH     UNIT         ?C_C51STARTUP
            CODE    004EH     0008H     UNIT         ?PR?_UART_SENDBYTE?MAIN



OVERLAY MAP OF MODULE:   .\Objects\test (MAIN)


SEGMENT
  +--> CALLED SEGMENT
---------------------
?C_C51STARTUP
  +--> ?PR?MAIN?MAIN

?PR?MAIN?MAIN
  +--> ?PR?UART_INIT?MAIN
  +--> ?PR?_UART_SENDBYTE?MAIN
  +--> ?PR?_DELAY?DELAY



SYMBOL TABLE OF MODULE:  .\Objects\test (MAIN)

  VALUE           TYPE          NAME
  ----------------------------------

  -------         MODULE        MAIN
  C:0000H         SYMBOL        _ICE_DUMMY_
BL51 BANKED LINKER/LOCATER V6.22.2.0                                                  09/16/2025  20:10:01  PAGE 2


  D:0008H         PUBLIC        Sec
  B:0098H.1       PUBLIC        TI
  C:002FH         PUBLIC        main
  D:0099H         PUBLIC        SBUF
  D:0087H         PUBLIC        PCON
  C:0003H         PUBLIC        UART_Init
  D:0098H         PUBLIC        SCON
  D:0089H         PUBLIC        TMOD
  C:004EH         PUBLIC        _UART_SendByte
  B:00A8H.3       PUBLIC        ET1
  D:008DH         PUBLIC        TH1
  D:008BH         PUBLIC        TL1
  B:0088H.6       PUBLIC        TR1
  -------         PROC          UART_INIT
  C:0003H         LINE#         6
  C:0003H         LINE#         7
  C:0003H         LINE#         8
  C:0006H         LINE#         9
  C:0009H         LINE#         10
  C:000CH         LINE#         11
  C:000FH         LINE#         12
  C:0012H         LINE#         13
  C:0015H         LINE#         14
  C:0017H         LINE#         15
  C:0019H         LINE#         16
  -------         ENDPROC       UART_INIT
  -------         PROC          _UART_SENDBYTE
  D:0007H         SYMBOL        Byte
  C:004EH         LINE#         18
  C:004EH         LINE#         19
  C:004EH         LINE#         20
  C:0050H         LINE#         21
  C:0053H         LINE#         22
  C:0055H         LINE#         24
  -------         ENDPROC       _UART_SENDBYTE
  -------         PROC          MAIN
  C:002FH         LINE#         26
  C:002FH         LINE#         27
  C:002FH         LINE#         28
  C:0032H         LINE#         30
  C:0032H         LINE#         31
  C:0032H         LINE#         32
  C:0037H         LINE#         33
  C:0039H         LINE#         34
  C:0040H         LINE#         35
  -------         ENDPROC       MAIN
  -------         ENDMOD        MAIN

  -------         MODULE        DELAY
  C:0000H         SYMBOL        _ICE_DUMMY_
  C:001AH         PUBLIC        _Delay
  -------         PROC          _DELAY
  D:0006H         SYMBOL        xms
  -------         DO            
  D:0005H         SYMBOL        i
  D:0004H         SYMBOL        j
  -------         ENDDO         
BL51 BANKED LINKER/LOCATER V6.22.2.0                                                  09/16/2025  20:10:01  PAGE 3


  C:001AH         LINE#         2
  C:001AH         LINE#         3
  C:001AH         LINE#         6
  C:0024H         LINE#         7
  C:0024H         LINE#         8
  C:0026H         LINE#         9
  C:0028H         LINE#         11
  C:0028H         LINE#         12
  C:002AH         LINE#         13
  C:002CH         LINE#         14
  C:002EH         LINE#         15
  -------         ENDPROC       _DELAY
  -------         ENDMOD        DELAY

Program Size: data=10.0 xdata=0 code=86
LINK/LOCATE RUN COMPLETE.  0 WARNING(S),  0 ERROR(S)
