BL51 BANKED LINKER/LOCATER V6.22.2.0                                                    09/15/2025  22:47:05  PAGE 1


BL51 BANKED LINKER/LOCATER V6.22.2.0, INVOKED BY:
D:\KEIL_V5\C51\BIN\BL51.EXE .\Objects\main.obj, .\Objects\Timer0.obj, .\Objects\Delay.obj, .\Objects\Key.obj, .\Objects\
>> LCD1602.obj TO .\Objects\test PRINT (.\Listings\test.m51) RAMSIZE (256)


MEMORY MODEL: SMALL


INPUT MODULES INCLUDED:
  .\Objects\main.obj (MAIN)
  .\Objects\Timer0.obj (TIMER0)
  .\Objects\Delay.obj (DELAY)
  .\Objects\Key.obj (KEY)
  .\Objects\LCD1602.obj (LCD1602)
  D:\KEIL_V5\C51\LIB\C51S.LIB (?C_STARTUP)
  D:\KEIL_V5\C51\LIB\C51S.LIB (?C?CLDOPTR)
  D:\KEIL_V5\C51\LIB\C51S.LIB (?C?IMUL)
  D:\KEIL_V5\C51\LIB\C51S.LIB (?C?UIDIV)
  D:\KEIL_V5\C51\LIB\C51S.LIB (?C_INIT)


LINK MAP OF MODULE:  .\Objects\test (MAIN)


            TYPE    BASE      LENGTH    RELOCATION   SEGMENT NAME
            -----------------------------------------------------

            * * * * * * *   D A T A   M E M O R Y   * * * * * * *
            REG     0000H     0008H     ABSOLUTE     "REG BANK 0"
            DATA    0008H     0009H     UNIT         _DATA_GROUP_
            DATA    0011H     0007H     UNIT         ?DT?_LCD_SHOWSIGNEDNUM?LCD1602
            DATA    0018H     0005H     UNIT         ?DT?MAIN
            DATA    001DH     0005H     UNIT         ?DT?_LCD_SHOWHEXNUM?LCD1602
            DATA    0022H     0005H     UNIT         ?DT?_LCD_SHOWBINNUM?LCD1602
            DATA    0027H     0001H     UNIT         ?DT?KEY_READ?KEY
            IDATA   0028H     0001H     UNIT         ?STACK

            * * * * * * *   C O D E   M E M O R Y   * * * * * * *
            CODE    0000H     0003H     ABSOLUTE     
                    0003H     0008H                  *** GAP ***
            CODE    000BH     0003H     ABSOLUTE     
            CODE    000EH     014AH     UNIT         ?PR?KEY_READ?KEY
            CODE    0158H     0094H     UNIT         ?C?LIB_CODE
            CODE    01ECH     008CH     UNIT         ?C_C51STARTUP
            CODE    0278H     004FH     UNIT         ?PR?MAIN?MAIN
            CODE    02C7H     0047H     UNIT         ?PR?TIMER0_ROUNTINE?MAIN
            CODE    030EH     003AH     UNIT         ?PR?_LCD_SHOWSIGNEDNUM?LCD1602
            CODE    0348H     0039H     UNIT         ?PR?_LCD_SHOWHEXNUM?LCD1602
            CODE    0381H     0038H     UNIT         ?PR?_LCD_SHOWBINNUM?LCD1602
            CODE    03B9H     0033H     UNIT         ?PR?_LCD_POW?LCD1602
            CODE    03ECH     0023H     UNIT         ?PR?_LCD_SHOWSTRING?LCD1602
            CODE    040FH     001EH     UNIT         ?PR?_LCD_WRITEDATA?LCD1602
            CODE    042DH     001DH     UNIT         ?PR?_LCD_SHOWNUM?LCD1602
            CODE    044AH     0017H     UNIT         ?PR?TIMER0_INIT?TIMER0
            CODE    0461H     0016H     UNIT         ?PR?_LCD_SETCURSOR?LCD1602
            CODE    0477H     0014H     UNIT         ?PR?LCD_INIT?LCD1602
            CODE    048BH     0011H     UNIT         ?PR?_DELAY?DELAY
            CODE    049CH     000FH     UNIT         ?PR?LCD_DELAY?LCD1602
BL51 BANKED LINKER/LOCATER V6.22.2.0                                                  09/15/2025  22:47:05  PAGE 2


            CODE    04ABH     000EH     UNIT         ?C_INITSEG
            CODE    04B9H     000BH     UNIT         ?CO?MAIN
            CODE    04C4H     000AH     UNIT         ?PR?_LCD_WRITECOMMAND?LCD1602
            CODE    04CEH     000AH     UNIT         ?PR?_LCD_SHOWCHAR?LCD1602



OVERLAY MAP OF MODULE:   .\Objects\test (MAIN)


SEGMENT                                  DATA_GROUP 
  +--> CALLED SEGMENT                  START    LENGTH
------------------------------------------------------
?C_C51STARTUP                          -----    -----
  +--> ?PR?MAIN?MAIN
  +--> ?C_INITSEG

?PR?MAIN?MAIN                          -----    -----
  +--> ?PR?TIMER0_INIT?TIMER0
  +--> ?PR?LCD_INIT?LCD1602
  +--> ?CO?MAIN
  +--> ?PR?_LCD_SHOWSTRING?LCD1602
  +--> ?PR?_LCD_SHOWNUM?LCD1602

?PR?LCD_INIT?LCD1602                   -----    -----
  +--> ?PR?_LCD_WRITECOMMAND?LCD1602

?PR?_LCD_WRITECOMMAND?LCD1602          -----    -----
  +--> ?PR?LCD_DELAY?LCD1602

?PR?_LCD_SHOWSTRING?LCD1602            0008H    0003H
  +--> ?PR?_LCD_SETCURSOR?LCD1602
  +--> ?PR?_LCD_WRITEDATA?LCD1602

?PR?_LCD_SETCURSOR?LCD1602             -----    -----
  +--> ?PR?_LCD_WRITECOMMAND?LCD1602

?PR?_LCD_WRITEDATA?LCD1602             -----    -----
  +--> ?PR?LCD_DELAY?LCD1602

?PR?_LCD_SHOWNUM?LCD1602               0008H    0005H
  +--> ?PR?_LCD_SETCURSOR?LCD1602
  +--> ?PR?_LCD_POW?LCD1602
  +--> ?PR?_LCD_WRITEDATA?LCD1602

?PR?_LCD_POW?LCD1602                   000DH    0004H



SYMBOL TABLE OF MODULE:  .\Objects\test (MAIN)

  VALUE           TYPE          NAME
  ----------------------------------

  -------         MODULE        MAIN
  C:0000H         SYMBOL        _ICE_DUMMY_
  D:001AH         PUBLIC        Hour
BL51 BANKED LINKER/LOCATER V6.22.2.0                                                  09/15/2025  22:47:05  PAGE 3


  C:0278H         PUBLIC        main
  D:008CH         PUBLIC        TH0
  D:008AH         PUBLIC        TL0
  D:001BH         PUBLIC        Second
  C:02C7H         PUBLIC        Timer0_Rountine
  D:001CH         PUBLIC        Minute
  -------         PROC          MAIN
  C:0278H         LINE#         10
  C:0278H         LINE#         11
  C:0278H         LINE#         12
  C:027BH         LINE#         13
  C:027EH         LINE#         14
  C:028BH         LINE#         15
  C:0298H         LINE#         16
  C:0298H         LINE#         17
  C:0298H         LINE#         19
  C:02A7H         LINE#         20
  C:02B6H         LINE#         21
  C:02C5H         LINE#         22
  -------         ENDPROC       MAIN
  -------         PROC          TIMER0_ROUNTINE
  -------         DO            
  D:0018H         SYMBOL        Count
  -------         ENDDO         
  C:02C7H         LINE#         25
  C:02CBH         LINE#         28
  C:02CEH         LINE#         29
  C:02D1H         LINE#         31
  C:02D9H         LINE#         32
  C:02E2H         LINE#         33
  C:02E2H         LINE#         34
  C:02E8H         LINE#         35
  C:02EAH         LINE#         36
  C:02F0H         LINE#         37
  C:02F0H         LINE#         38
  C:02F3H         LINE#         39
  C:02F5H         LINE#         40
  C:02FBH         LINE#         41
  C:02FBH         LINE#         42
  C:02FEH         LINE#         43
  C:0300H         LINE#         44
  C:0306H         LINE#         45
  C:0309H         LINE#         46
  C:0309H         LINE#         47
  C:0309H         LINE#         48
  C:0309H         LINE#         49
  -------         ENDPROC       TIMER0_ROUNTINE
  -------         ENDMOD        MAIN

  -------         MODULE        TIMER0
  C:0000H         SYMBOL        _ICE_DUMMY_
  B:00A8H.7       PUBLIC        EA
  C:044AH         PUBLIC        Timer0_Init
  D:0089H         PUBLIC        TMOD
  B:00A8H.1       PUBLIC        ET0
  B:0088H.5       PUBLIC        TF0
  D:008CH         PUBLIC        TH0
BL51 BANKED LINKER/LOCATER V6.22.2.0                                                  09/15/2025  22:47:05  PAGE 4


  D:008AH         PUBLIC        TL0
  B:00B8H.1       PUBLIC        PT0
  B:0088H.4       PUBLIC        TR0
  -------         PROC          TIMER0_INIT
  C:044AH         LINE#         4
  C:044AH         LINE#         5
  C:044AH         LINE#         6
  C:044DH         LINE#         7
  C:0450H         LINE#         8
  C:0452H         LINE#         9
  C:0454H         LINE#         10
  C:0457H         LINE#         11
  C:045AH         LINE#         12
  C:045CH         LINE#         13
  C:045EH         LINE#         14
  C:0460H         LINE#         15
  -------         ENDPROC       TIMER0_INIT
  -------         ENDMOD        TIMER0

  -------         MODULE        DELAY
  C:0000H         SYMBOL        _ICE_DUMMY_
  C:048BH         PUBLIC        _Delay
  -------         PROC          _DELAY
  D:0007H         SYMBOL        xms
  -------         DO            
  D:0006H         SYMBOL        i
  D:0005H         SYMBOL        j
  -------         ENDDO         
  C:048BH         LINE#         3
  C:048BH         LINE#         4
  C:048BH         LINE#         6
  C:0491H         LINE#         7
  C:0491H         LINE#         8
  C:0493H         LINE#         9
  C:0495H         LINE#         11
  C:0495H         LINE#         12
  C:0497H         LINE#         13
  C:0499H         LINE#         14
  C:049BH         LINE#         16
  -------         ENDPROC       _DELAY
  -------         ENDMOD        DELAY

  -------         MODULE        KEY
  C:0000H         SYMBOL        _ICE_DUMMY_
  D:0090H         PUBLIC        P1
  C:000EH         PUBLIC        Key_Read
  B:0090H.0       PUBLIC        P1_0
  B:0090H.1       PUBLIC        P1_1
  B:0090H.2       PUBLIC        P1_2
  B:0090H.3       PUBLIC        P1_3
  B:0090H.4       PUBLIC        P1_4
  B:0090H.5       PUBLIC        P1_5
  B:0090H.6       PUBLIC        P1_6
  B:0090H.7       PUBLIC        P1_7
  -------         PROC          KEY_READ
  -------         DO            
  D:0027H         SYMBOL        temp
BL51 BANKED LINKER/LOCATER V6.22.2.0                                                  09/15/2025  22:47:05  PAGE 5


  -------         ENDDO         
  C:000EH         LINE#         4
  C:000EH         LINE#         5
  C:000EH         LINE#         6
  C:0011H         LINE#         7
  C:0014H         LINE#         8
  C:0016H         LINE#         9
  C:0029H         LINE#         10
  C:003CH         LINE#         11
  C:004FH         LINE#         12
  C:0062H         LINE#         13
  C:0065H         LINE#         14
  C:0067H         LINE#         15
  C:007AH         LINE#         16
  C:008DH         LINE#         17
  C:00A0H         LINE#         18
  C:00B3H         LINE#         19
  C:00B6H         LINE#         20
  C:00B8H         LINE#         21
  C:00CBH         LINE#         22
  C:00DEH         LINE#         23
  C:00F1H         LINE#         24
  C:0104H         LINE#         25
  C:0107H         LINE#         26
  C:0109H         LINE#         27
  C:011CH         LINE#         28
  C:012FH         LINE#         29
  C:0142H         LINE#         30
  C:0155H         LINE#         31
  C:0157H         LINE#         32
  -------         ENDPROC       KEY_READ
  -------         ENDMOD        KEY

  -------         MODULE        LCD1602
  C:0000H         SYMBOL        _ICE_DUMMY_
  D:0080H         PUBLIC        P0
  D:00A0H         PUBLIC        P2
  C:04C4H         PUBLIC        _LCD_WriteCommand
  C:042DH         PUBLIC        _LCD_ShowNum
  C:0381H         PUBLIC        _LCD_ShowBinNum
  C:04A2H         PUBLIC        LCD_Delay
  C:0348H         PUBLIC        _LCD_ShowHexNum
  C:0423H         PUBLIC        _LCD_WriteData
  B:00A0H.7       PUBLIC        LCD_EN
  C:0477H         PUBLIC        LCD_Init
  C:03ECH         PUBLIC        _LCD_ShowString
  C:04CEH         PUBLIC        _LCD_ShowChar
  B:00A0H.6       PUBLIC        LCD_RS
  B:00A0H.5       PUBLIC        LCD_RW
  C:0461H         PUBLIC        _LCD_SetCursor
  C:030EH         PUBLIC        _LCD_ShowSignedNum
  C:03C5H         PUBLIC        _LCD_Pow
  -------         PROC          L?0048
  -------         ENDPROC       L?0048
  -------         PROC          LCD_DELAY
  -------         DO            
  D:0007H         SYMBOL        i
BL51 BANKED LINKER/LOCATER V6.22.2.0                                                  09/15/2025  22:47:05  PAGE 6


  D:0006H         SYMBOL        j
  -------         ENDDO         
  C:04A2H         LINE#         15
  C:04A2H         LINE#         16
  C:04A2H         LINE#         19
  C:04A4H         LINE#         20
  C:04A6H         LINE#         22
  C:04A6H         LINE#         23
  C:04A8H         LINE#         24
  C:04AAH         LINE#         25
  -------         ENDPROC       LCD_DELAY
  -------         PROC          _LCD_WRITECOMMAND
  D:0007H         SYMBOL        Command
  C:04C4H         LINE#         32
  C:04C4H         LINE#         33
  C:04C4H         LINE#         34
  C:04C6H         LINE#         35
  C:04C6H         LINE#         36
  C:04C6H         LINE#         37
  C:04C6H         LINE#         38
  C:04C9H         LINE#         39
  C:04CBH         LINE#         40
  -------         ENDPROC       _LCD_WRITECOMMAND
  -------         PROC          L?0047
  -------         ENDPROC       L?0047
  -------         PROC          _LCD_WRITEDATA
  D:0007H         SYMBOL        Data
  C:0423H         LINE#         48
  C:0423H         LINE#         49
  C:0423H         LINE#         50
  C:0425H         LINE#         51
  C:0425H         LINE#         52
  C:0425H         LINE#         53
  C:0425H         LINE#         54
  C:0428H         LINE#         55
  C:042AH         LINE#         56
  -------         ENDPROC       _LCD_WRITEDATA
  -------         PROC          _LCD_SETCURSOR
  D:0006H         SYMBOL        Line
  D:0005H         SYMBOL        Column
  C:0461H         LINE#         65
  C:0463H         LINE#         66
  C:0463H         LINE#         67
  C:0466H         LINE#         68
  C:0466H         LINE#         69
  C:0468H         LINE#         70
  C:046AH         LINE#         71
  C:046DH         LINE#         72
  C:046DH         LINE#         73
  C:0476H         LINE#         74
  C:0476H         LINE#         75
  -------         ENDPROC       _LCD_SETCURSOR
  -------         PROC          LCD_INIT
  C:0477H         LINE#         82
  C:0477H         LINE#         83
  C:0477H         LINE#         84
  C:047CH         LINE#         85
BL51 BANKED LINKER/LOCATER V6.22.2.0                                                  09/15/2025  22:47:05  PAGE 7


  C:0481H         LINE#         86
  C:0486H         LINE#         87
  -------         ENDPROC       LCD_INIT
  -------         PROC          _LCD_SHOWCHAR
  D:0006H         SYMBOL        Line
  D:0005H         SYMBOL        Column
  D:0004H         SYMBOL        Char
  C:04CEH         LINE#         97
  C:04D0H         LINE#         98
  C:04D0H         LINE#         99
  C:04D3H         LINE#         100
  -------         ENDPROC       _LCD_SHOWCHAR
  -------         PROC          _LCD_SHOWSTRING
  D:0007H         SYMBOL        Line
  D:0005H         SYMBOL        Column
  D:0008H         SYMBOL        String
  -------         DO            
  D:0005H         SYMBOL        i
  -------         ENDDO         
  C:03ECH         LINE#         110
  C:03F2H         LINE#         111
  C:03F2H         LINE#         113
  C:03F5H         LINE#         114
  C:0408H         LINE#         115
  C:0408H         LINE#         116
  C:040BH         LINE#         117
  C:040EH         LINE#         118
  -------         ENDPROC       _LCD_SHOWSTRING
  C:03BBH         SYMBOL        L?0046
  -------         PROC          L?0045
  -------         ENDPROC       L?0045
  C:03BBH         SYMBOL        L?0046
  -------         PROC          _LCD_POW
  D:000DH         SYMBOL        X
  D:000FH         SYMBOL        Y
  -------         DO            
  D:0003H         SYMBOL        i
  D:0006H         SYMBOL        Result
  -------         ENDDO         
  C:03C5H         LINE#         123
  C:03CDH         LINE#         124
  C:03CDH         LINE#         126
  C:03D1H         LINE#         127
  C:03E1H         LINE#         128
  C:03E1H         LINE#         129
  C:03E8H         LINE#         130
  C:03EBH         LINE#         131
  C:03EBH         LINE#         132
  -------         ENDPROC       _LCD_POW
  -------         PROC          _LCD_SHOWNUM
  D:0007H         SYMBOL        Line
  D:0005H         SYMBOL        Column
  D:000AH         SYMBOL        Number
  D:000CH         SYMBOL        Length
  -------         DO            
  D:0002H         SYMBOL        i
  -------         ENDDO         
BL51 BANKED LINKER/LOCATER V6.22.2.0                                                  09/15/2025  22:47:05  PAGE 8


  C:042DH         LINE#         142
  C:0431H         LINE#         143
  C:0431H         LINE#         145
  C:0434H         LINE#         146
  C:043CH         LINE#         147
  C:043CH         LINE#         148
  C:0446H         LINE#         149
  C:0449H         LINE#         150
  -------         ENDPROC       _LCD_SHOWNUM
  -------         PROC          _LCD_SHOWSIGNEDNUM
  D:0007H         SYMBOL        Line
  D:0005H         SYMBOL        Column
  D:0002H         SYMBOL        Number
  D:0015H         SYMBOL        Length
  -------         DO            
  D:0002H         SYMBOL        i
  D:0016H         SYMBOL        Number1
  -------         ENDDO         
  C:030EH         LINE#         160
  C:030EH         LINE#         161
  C:030EH         LINE#         164
  C:0311H         LINE#         165
  C:0319H         LINE#         166
  C:0319H         LINE#         167
  C:031EH         LINE#         168
  C:0322H         LINE#         169
  C:0324H         LINE#         171
  C:0324H         LINE#         172
  C:0329H         LINE#         173
  C:0332H         LINE#         174
  C:0332H         LINE#         175
  C:033AH         LINE#         176
  C:033AH         LINE#         177
  C:0344H         LINE#         178
  C:0347H         LINE#         179
  -------         ENDPROC       _LCD_SHOWSIGNEDNUM
  -------         PROC          _LCD_SHOWHEXNUM
  D:0007H         SYMBOL        Line
  D:0005H         SYMBOL        Column
  D:001FH         SYMBOL        Number
  D:0021H         SYMBOL        Length
  -------         DO            
  D:0002H         SYMBOL        i
  D:0006H         SYMBOL        SingleNumber
  -------         ENDDO         
  C:0348H         LINE#         189
  C:034CH         LINE#         190
  C:034CH         LINE#         192
  C:034FH         LINE#         193
  C:0357H         LINE#         194
  C:0357H         LINE#         195
  C:036DH         LINE#         196
  C:0373H         LINE#         197
  C:0373H         LINE#         198
  C:0375H         LINE#         199
  C:0377H         LINE#         201
  C:0377H         LINE#         202
BL51 BANKED LINKER/LOCATER V6.22.2.0                                                  09/15/2025  22:47:05  PAGE 9


  C:037DH         LINE#         203
  C:037DH         LINE#         204
  C:0380H         LINE#         205
  -------         ENDPROC       _LCD_SHOWHEXNUM
  -------         PROC          _LCD_SHOWBINNUM
  D:0007H         SYMBOL        Line
  D:0005H         SYMBOL        Column
  D:0024H         SYMBOL        Number
  D:0026H         SYMBOL        Length
  -------         DO            
  D:0002H         SYMBOL        i
  -------         ENDDO         
  C:0381H         LINE#         215
  C:0385H         LINE#         216
  C:0385H         LINE#         218
  C:0388H         LINE#         219
  C:0390H         LINE#         220
  C:0390H         LINE#         221
  C:03B5H         LINE#         222
  C:03B8H         LINE#         223
  -------         ENDPROC       _LCD_SHOWBINNUM
  -------         ENDMOD        LCD1602

  -------         MODULE        ?C?CLDOPTR
  C:0158H         PUBLIC        ?C?CLDOPTR
  -------         ENDMOD        ?C?CLDOPTR

  -------         MODULE        ?C?IMUL
  C:0185H         PUBLIC        ?C?IMUL
  -------         ENDMOD        ?C?IMUL

  -------         MODULE        ?C?UIDIV
  C:0197H         PUBLIC        ?C?UIDIV
  -------         ENDMOD        ?C?UIDIV

*** WARNING L16: UNCALLED SEGMENT, IGNORED FOR OVERLAY PROCESS
    SEGMENT: ?PR?KEY_READ?KEY

*** WARNING L16: UNCALLED SEGMENT, IGNORED FOR OVERLAY PROCESS
    SEGMENT: ?PR?_LCD_SHOWCHAR?LCD1602

*** WARNING L16: UNCALLED SEGMENT, IGNORED FOR OVERLAY PROCESS
    SEGMENT: ?PR?_LCD_SHOWSIGNEDNUM?LCD1602

*** WARNING L16: UNCALLED SEGMENT, IGNORED FOR OVERLAY PROCESS
    SEGMENT: ?PR?_LCD_SHOWHEXNUM?LCD1602

*** WARNING L16: UNCALLED SEGMENT, IGNORED FOR OVERLAY PROCESS
    SEGMENT: ?PR?_LCD_SHOWBINNUM?LCD1602

Program Size: data=41.0 xdata=0 code=1232
LINK/LOCATE RUN COMPLETE.  5 WARNING(S),  0 ERROR(S)
