BL51 BANKED LINKER/LOCATER V6.22.2.0                                                    09/14/2025  22:07:59  PAGE 1


BL51 BANKED LINKER/LOCATER V6.22.2.0, INVOKED BY:
D:\KEIL_V5\C51\BIN\BL51.EXE .\Objects\main.obj, .\Objects\Time0.obj, .\Objects\Key.obj, .\Objects\Delay.obj TO .\Objects
>> \test PRINT (.\Listings\test.m51) RAMSIZE (256)


MEMORY MODEL: SMALL


INPUT MODULES INCLUDED:
  .\Objects\main.obj (MAIN)
  .\Objects\Time0.obj (TIME0)
  .\Objects\Key.obj (KEY)
  .\Objects\Delay.obj (DELAY)
  D:\KEIL_V5\C51\LIB\C51S.LIB (?C_STARTUP)
  D:\KEIL_V5\C51\LIB\C51S.LIB (?C_INIT)


LINK MAP OF MODULE:  .\Objects\test (MAIN)


            TYPE    BASE      LENGTH    RELOCATION   SEGMENT NAME
            -----------------------------------------------------

            * * * * * * *   D A T A   M E M O R Y   * * * * * * *
            REG     0000H     0008H     ABSOLUTE     "REG BANK 0"
            DATA    0008H     0004H     UNIT         ?DT?MAIN
            DATA    000CH     0001H     UNIT         _DATA_GROUP_
            IDATA   000DH     0001H     UNIT         ?STACK

            * * * * * * *   C O D E   M E M O R Y   * * * * * * *
            CODE    0000H     0003H     ABSOLUTE     
            CODE    0003H     0004H     UNIT         ?C_INITSEG
                    0007H     0004H                  *** GAP ***
            CODE    000BH     0003H     ABSOLUTE     
            CODE    000EH     0189H     UNIT         ?PR?KEY_READ?KEY
            CODE    0197H     008CH     UNIT         ?C_C51STARTUP
            CODE    0223H     0054H     UNIT         ?PR?TIMER0_ROUTINE?MAIN
            CODE    0277H     0020H     UNIT         ?PR?MAIN?MAIN
            CODE    0297H     0017H     UNIT         ?PR?TIMER0_INIT?TIME0
            CODE    02AEH     0015H     UNIT         ?PR?_DELAY?DELAY



OVERLAY MAP OF MODULE:   .\Objects\test (MAIN)


SEGMENT                           DATA_GROUP 
  +--> CALLED SEGMENT           START    LENGTH
-----------------------------------------------
?C_C51STARTUP                   -----    -----
  +--> ?PR?MAIN?MAIN
  +--> ?C_INITSEG

?PR?MAIN?MAIN                   -----    -----
  +--> ?PR?TIMER0_INIT?TIME0
  +--> ?PR?KEY_READ?KEY

?PR?KEY_READ?KEY                000CH    0001H
BL51 BANKED LINKER/LOCATER V6.22.2.0                                                  09/14/2025  22:07:59  PAGE 2


  +--> ?PR?_DELAY?DELAY



SYMBOL TABLE OF MODULE:  .\Objects\test (MAIN)

  VALUE           TYPE          NAME
  ----------------------------------

  -------         MODULE        MAIN
  C:0000H         SYMBOL        _ICE_DUMMY_
  C:0223H         PUBLIC        Timer0_Routine
  D:00A0H         PUBLIC        P2
  D:000AH         PUBLIC        LedMode
  C:0277H         PUBLIC        main
  D:008CH         PUBLIC        TH0
  D:008AH         PUBLIC        TL0
  D:000BH         PUBLIC        KeyNum
  -------         PROC          MAIN
  C:0277H         LINE#         10
  C:0277H         LINE#         11
  C:0277H         LINE#         12
  C:027AH         LINE#         13
  C:027DH         LINE#         14
  C:027DH         LINE#         15
  C:027DH         LINE#         16
  C:0282H         LINE#         17
  C:0286H         LINE#         18
  C:0286H         LINE#         19
  C:0289H         LINE#         20
  C:0289H         LINE#         21
  C:028BH         LINE#         22
  C:0295H         LINE#         23
  C:0295H         LINE#         24
  C:0295H         LINE#         25
  -------         ENDPROC       MAIN
  -------         PROC          TIMER0_ROUTINE
  -------         DO            
  D:0008H         SYMBOL        Count
  -------         ENDDO         
  C:0223H         LINE#         29
  C:022EH         LINE#         32
  C:0231H         LINE#         33
  C:0234H         LINE#         34
  C:023CH         LINE#         35
  C:0245H         LINE#         36
  C:0245H         LINE#         37
  C:024BH         LINE#         38
  C:024FH         LINE#         39
  C:025CH         LINE#         40
  C:0261H         LINE#         41
  C:026EH         LINE#         42
  C:026EH         LINE#         43
  -------         ENDPROC       TIMER0_ROUTINE
  -------         ENDMOD        MAIN

  -------         MODULE        TIME0
BL51 BANKED LINKER/LOCATER V6.22.2.0                                                  09/14/2025  22:07:59  PAGE 3


  C:0000H         SYMBOL        _ICE_DUMMY_
  B:00A8H.7       PUBLIC        EA
  C:0297H         PUBLIC        Timer0_Init
  D:0089H         PUBLIC        TMOD
  B:00A8H.1       PUBLIC        ET0
  B:0088H.5       PUBLIC        TF0
  D:008CH         PUBLIC        TH0
  D:008AH         PUBLIC        TL0
  B:00B8H.1       PUBLIC        PT0
  B:0088H.4       PUBLIC        TR0
  -------         PROC          TIMER0_INIT
  C:0297H         LINE#         4
  C:0297H         LINE#         5
  C:0297H         LINE#         6
  C:029AH         LINE#         7
  C:029DH         LINE#         8
  C:02A0H         LINE#         9
  C:02A3H         LINE#         10
  C:02A5H         LINE#         11
  C:02A7H         LINE#         12
  C:02A9H         LINE#         13
  C:02ABH         LINE#         14
  C:02ADH         LINE#         15
  -------         ENDPROC       TIMER0_INIT
  -------         ENDMOD        TIME0

  -------         MODULE        KEY
  C:0000H         SYMBOL        _ICE_DUMMY_
  D:0090H         PUBLIC        P1
  B:0090H.3       PUBLIC        P1_3
  B:0090H.4       PUBLIC        P1_4
  B:0090H.5       PUBLIC        P1_5
  B:0090H.6       PUBLIC        P1_6
  B:0090H.7       PUBLIC        P1_7
  C:000EH         PUBLIC        Key_read
  -------         PROC          KEY_READ
  -------         DO            
  D:000CH         SYMBOL        temp
  -------         ENDDO         
  C:000EH         LINE#         4
  C:000EH         LINE#         5
  C:000EH         LINE#         6
  C:0011H         LINE#         7
  C:0014H         LINE#         8
  C:0016H         LINE#         9
  C:002CH         LINE#         10
  C:0043H         LINE#         11
  C:005AH         LINE#         12
  C:0071H         LINE#         13
  C:0074H         LINE#         14
  C:0076H         LINE#         15
  C:008DH         LINE#         16
  C:00A4H         LINE#         17
  C:00BBH         LINE#         18
  C:00D2H         LINE#         19
  C:00D5H         LINE#         20
  C:00D7H         LINE#         21
BL51 BANKED LINKER/LOCATER V6.22.2.0                                                  09/14/2025  22:07:59  PAGE 4


  C:00EEH         LINE#         22
  C:0105H         LINE#         23
  C:011CH         LINE#         24
  C:0133H         LINE#         25
  C:0136H         LINE#         26
  C:0138H         LINE#         27
  C:014FH         LINE#         28
  C:0166H         LINE#         29
  C:017DH         LINE#         30
  C:0194H         LINE#         31
  C:0196H         LINE#         32
  -------         ENDPROC       KEY_READ
  -------         ENDMOD        KEY

  -------         MODULE        DELAY
  C:0000H         SYMBOL        _ICE_DUMMY_
  C:02AEH         PUBLIC        _Delay
  -------         PROC          _DELAY
  D:0006H         SYMBOL        xms
  -------         DO            
  D:0005H         SYMBOL        i
  D:0004H         SYMBOL        j
  -------         ENDDO         
  C:02AEH         LINE#         3
  C:02AEH         LINE#         4
  C:02AEH         LINE#         7
  C:02B8H         LINE#         8
  C:02B8H         LINE#         9
  C:02BAH         LINE#         10
  C:02BCH         LINE#         12
  C:02BCH         LINE#         13
  C:02BEH         LINE#         14
  C:02C0H         LINE#         15
  C:02C2H         LINE#         16
  -------         ENDPROC       _DELAY
  -------         ENDMOD        DELAY

Program Size: data=14.0 xdata=0 code=703
LINK/LOCATE RUN COMPLETE.  0 WARNING(S),  0 ERROR(S)
